Archive member included to satisfy reference by file (symbol)

C:/Program Files/Segger/arm_segger_embedded_studio_v560_win_x64_nordic/lib/libc_v7em_fpv4_sp_d16_hard_t_le_eabi.a(libc2.o)
                              Output/Release/Obj/ble_multi_custom/nrf_log_str_formatter.o (isprint)
C:/Program Files/Segger/arm_segger_embedded_studio_v560_win_x64_nordic/lib/libc_v7em_fpv4_sp_d16_hard_t_le_eabi.a(libc2_asm.o)
                              Output/Release/Obj/ble_multi_custom/nrf_log_frontend.o (memcpy)
C:/Program Files/Segger/arm_segger_embedded_studio_v560_win_x64_nordic/lib/libc_v7em_fpv4_sp_d16_hard_t_le_eabi.a(libvfprintf.o)
                              (__vfprintf_long)
C:/Program Files/Segger/arm_segger_embedded_studio_v560_win_x64_nordic/lib/libc_v7em_fpv4_sp_d16_hard_t_le_eabi.a(libvfscanf.o)
                              (__vfscanf_long)
C:/Program Files/Segger/arm_segger_embedded_studio_v560_win_x64_nordic/lib/libc_v7em_fpv4_sp_d16_hard_t_le_eabi.a(libc.o)
                              C:/Program Files/Segger/arm_segger_embedded_studio_v560_win_x64_nordic/lib/libc_v7em_fpv4_sp_d16_hard_t_le_eabi.a(libc2.o) (__heap_lock)
C:/Program Files/Segger/arm_segger_embedded_studio_v560_win_x64_nordic/lib/libc_v7em_fpv4_sp_d16_hard_t_le_eabi.a(libc_asm.o)
                              C:/Program Files/Segger/arm_segger_embedded_studio_v560_win_x64_nordic/lib/libc_v7em_fpv4_sp_d16_hard_t_le_eabi.a(libc2.o) (__aeabi_uldivmod)
C:/Program Files/Segger/arm_segger_embedded_studio_v560_win_x64_nordic/lib/libdebugio_v7em_fpv4_sp_d16_hard_t_le_eabi.a(libdebugio.o)
                              Output/Release/Obj/ble_multi_custom/thumb_crt0.o (debug_fopen)
C:/Program Files/Segger/arm_segger_embedded_studio_v560_win_x64_nordic/lib/libdebugio_v7em_fpv4_sp_d16_hard_t_le_eabi.a(do_nv_debug_operation.o)
                              C:/Program Files/Segger/arm_segger_embedded_studio_v560_win_x64_nordic/lib/libdebugio_v7em_fpv4_sp_d16_hard_t_le_eabi.a(libdebugio.o) (__do_nvdebug_operation)
C:/Program Files/Segger/arm_segger_embedded_studio_v560_win_x64_nordic/lib/libdebugio_v7em_fpv4_sp_d16_hard_t_le_eabi.a(mempoll_debug_operations.o)
                              (__do_debug_operation_mempoll)
C:/Program Files/Segger/arm_segger_embedded_studio_v560_win_x64_nordic/lib/libm_v7em_fpv4_sp_d16_hard_t_le_eabi.a(libm_asm.o)
                              C:/Program Files/Segger/arm_segger_embedded_studio_v560_win_x64_nordic/lib/libc_v7em_fpv4_sp_d16_hard_t_le_eabi.a(libc2.o) (__aeabi_dadd)
C:/Program Files/Segger/arm_segger_embedded_studio_v560_win_x64_nordic/lib/libm_v7em_fpv4_sp_d16_hard_t_le_eabi.a(libm2.o)
                              C:/Program Files/Segger/arm_segger_embedded_studio_v560_win_x64_nordic/lib/libc_v7em_fpv4_sp_d16_hard_t_le_eabi.a(libvfprintf.o) (frexp)

Discarded input sections

 .text          0x0000000000000000        0x0 Output/Release/Obj/ble_multi_custom/thumb_crt0.o
 .data          0x0000000000000000        0x0 Output/Release/Obj/ble_multi_custom/thumb_crt0.o
 .bss           0x0000000000000000        0x0 Output/Release/Obj/ble_multi_custom/thumb_crt0.o
 .text.__aeabi_read_tp
                0x0000000000000000        0x8 Output/Release/Obj/ble_multi_custom/thumb_crt0.o
 .text.abort    0x0000000000000000        0x2 Output/Release/Obj/ble_multi_custom/thumb_crt0.o
 .text.__assert
                0x0000000000000000        0x2 Output/Release/Obj/ble_multi_custom/thumb_crt0.o
 .text.__assert_func
                0x0000000000000000        0x2 Output/Release/Obj/ble_multi_custom/thumb_crt0.o
 .text.__aeabi_assert
                0x0000000000000000        0x2 Output/Release/Obj/ble_multi_custom/thumb_crt0.o
 .text.__sync_synchronize
                0x0000000000000000        0x2 Output/Release/Obj/ble_multi_custom/thumb_crt0.o
 .text.__getchar
                0x0000000000000000        0x4 Output/Release/Obj/ble_multi_custom/thumb_crt0.o
 .text.__putchar
                0x0000000000000000        0x4 Output/Release/Obj/ble_multi_custom/thumb_crt0.o
 .text.__open   0x0000000000000000        0x4 Output/Release/Obj/ble_multi_custom/thumb_crt0.o
 .text.__close  0x0000000000000000        0x4 Output/Release/Obj/ble_multi_custom/thumb_crt0.o
 .text.__write  0x0000000000000000        0xa Output/Release/Obj/ble_multi_custom/thumb_crt0.o
 .text.__read   0x0000000000000000        0xa Output/Release/Obj/ble_multi_custom/thumb_crt0.o
 .text.__seek   0x0000000000000000       0x1a Output/Release/Obj/ble_multi_custom/thumb_crt0.o
 .text.remove   0x0000000000000000        0x4 Output/Release/Obj/ble_multi_custom/thumb_crt0.o
 .text.rename   0x0000000000000000        0x4 Output/Release/Obj/ble_multi_custom/thumb_crt0.o
 .bss.__user_locale_name_buffer
                0x0000000000000000        0x4 Output/Release/Obj/ble_multi_custom/thumb_crt0.o
 .stack         0x0000000000000000        0x0 Output/Release/Obj/ble_multi_custom/thumb_crt0.o
 .stack_process
[...]
Memory Configuration

Name             Origin             Length             Attributes
UNPLACED_SECTIONS 0x0000000100000000 0x0000000000000000 xw
RAM1             0x0000000020000000 0x0000000000040000 xw
FLASH1           0x0000000000000000 0x0000000000100000 xw
*default*        0x0000000000000000 0xffffffffffffffff

Linker script and memory map

                0x0000000000000000                __do_debug_operation = __do_debug_operation_mempoll
                0x0000000000000000                __vfprintf = __vfprintf_long
                0x0000000000000000                __vfscanf = __vfscanf_long
                0x0000000020000000                __RAM1_segment_start__ = 0x20000000
                0x0000000020040000                __RAM1_segment_end__ = 0x20040000
                0x0000000000040000                __RAM1_segment_size__ = 0x40000
                0x0000000000000000                __FLASH1_segment_start__ = 0x0
                0x0000000000100000                __FLASH1_segment_end__ = 0x100000
                0x0000000000100000                __FLASH1_segment_size__ = 0x100000
                0x0000000000002000                __HEAPSIZE__ = 0x2000
                0x0000000000000000                __STACKSIZE_PROCESS__ = 0x0
                0x0000000000002000                __STACKSIZE__ = 0x2000
                0x0000000020000000                __reserved_ram_load_start__ = 0x20000000

.reserved_ram   0x0000000020000000     0x37d0
                0x0000000020000000                __reserved_ram_start__ = .
 *(.reserved_ram .reserved_ram.*)
                0x00000000200037d0                . = MAX (((__reserved_ram_start__ + 0x200037d0) - 0x20000000), .)
 *fill*         0x0000000020000000     0x37d0 
                0x00000000200037d0                __reserved_ram_end__ = (__reserved_ram_start__ + SIZEOF (.reserved_ram))
                0x00000000000037d0                __reserved_ram_size__ = SIZEOF (.reserved_ram)
                0x00000000200037d0                __reserved_ram_load_end__ = __reserved_ram_end__
                0x0000000000000001                . = ASSERT (((__reserved_ram_start__ == __reserved_ram_end__) || ((__reserved_ram_end__ - __RAM1_segment_start__) <= __RAM1_segment_size__)), error: .reserved_ram is too large to fit in RAM1 memory segment)
                0x00000000200037d0                __vectors_ram_load_start__ = 0x200037d0

.vectors_ram    0x00000000200037d0        0x0
                0x00000000200037d0                __vectors_ram_start__ = .
                0x00000000200037d0                __app_ram_start__ = __vectors_ram_start__
 *(.vectors_ram .vectors_ram.*)
                0x00000000200037d0                __vectors_ram_end__ = (__vectors_ram_start__ + SIZEOF (.vectors_ram))
                0x0000000000000000                __vectors_ram_size__ = SIZEOF (.vectors_ram)
                0x00000000200037d0                __vectors_ram_load_end__ = __vectors_ram_end__
                0x0000000000000001                . = ASSERT (((__vectors_ram_start__ == __vectors_ram_end__) || ((__vectors_ram_end__ - __RAM1_segment_start__) <= __RAM1_segment_size__)), error: .vectors_ram is too large to fit in RAM1 memory segment)
                0x0000000000000001                . = ASSERT ((__reserved_ram_end__ <= __vectors_ram_start__), error: section .reserved_ram overlaps absolute placed section .vectors_ram)
                0x00000000200037d0                __nrf_sections_run_load_start__ = ALIGN (__vectors_ram_end__, 0x4)

.nrf_sections_run
                0x00000000200037d0        0x0
                0x00000000200037d0                __nrf_sections_run_start__ = .
                0x00000000200037d0                __start_nrf_sections_run = __nrf_sections_run_start__
 *(.nrf_sections_run .nrf_sections_run.*)
                0x00000000200037d0                __nrf_sections_run_end__ = (__nrf_sections_run_start__ + SIZEOF (.nrf_sections_run))
                0x0000000000000000                __nrf_sections_run_size__ = SIZEOF (.nrf_sections_run)
                0x00000000200037d0                __nrf_sections_run_load_end__ = __nrf_sections_run_end__
                0x0000000000000001                . = ASSERT (((__nrf_sections_run_start__ == __nrf_sections_run_end__) || ((__nrf_sections_run_end__ - __RAM1_segment_start__) <= __RAM1_segment_size__)), error: .nrf_sections_run is too large to fit in RAM1 memory segment)
                0x0000000000000000                __reserved_flash_load_start__ = 0x0

.reserved_flash
                0x0000000000000000    0x27000
                0x0000000000000000                __reserved_flash_start__ = .
 *(.reserved_flash .reserved_flash.*)
                0x0000000000027000                . = MAX (((__reserved_flash_start__ + 0x27000) - 0x0), .)
 *fill*         0x0000000000000000    0x27000 
                0x0000000000027000                __reserved_flash_end__ = (__reserved_flash_start__ + SIZEOF (.reserved_flash))
                0x0000000000027000                __reserved_flash_size__ = SIZEOF (.reserved_flash)
                0x0000000000027000                __reserved_flash_load_end__ = __reserved_flash_end__
                0x0000000000000001                . = ASSERT (((__reserved_flash_start__ == __reserved_flash_end__) || ((__reserved_flash_end__ - __FLASH1_segment_start__) <= __FLASH1_segment_size__)), error: .reserved_flash is too large to fit in FLASH1 memory segment)
                0x0000000000027000                __vectors_load_start__ = 0x27000

.vectors        0x0000000000027000      0x200
                0x0000000000027000                __vectors_start__ = .
 *(.vectors .vectors.*)
 .vectors       0x0000000000027000      0x200 Output/Release/Obj/ble_multi_custom/ses_startup_nrf52840.o
                0x0000000000027000                _vectors
                0x0000000000027200                __vectors_end__ = (__vectors_start__ + SIZEOF (.vectors))
                0x0000000000000200                __vectors_size__ = SIZEOF (.vectors)
                0x0000000000027200                __vectors_load_end__ = __vectors_end__
                0x0000000000000001                . = ASSERT (((__vectors_start__ == __vectors_end__) || ((__vectors_end__ - __FLASH1_segment_start__) <= __FLASH1_segment_size__)), error: .vectors is too large to fit in FLASH1 memory segment)
                0x0000000000000001                . = ASSERT ((__reserved_flash_end__ <= __vectors_start__), error: section .reserved_flash overlaps absolute placed section .vectors)
                0x0000000000027200                __init_load_start__ = ALIGN (__vectors_end__, 0x4)

.init           0x0000000000027200      0x1d0
                0x0000000000027200                __init_start__ = .
 *(.init .init.*)
 .init          0x0000000000027200      0x15c Output/Release/Obj/ble_multi_custom/thumb_crt0.o
                0x0000000000027200                _start
                0x00000000000272b4                exit
 .init          0x000000000002735c       0x18 Output/Release/Obj/ble_multi_custom/ses_startup_nrf52840.o
                0x000000000002735c                NMI_Handler
                0x000000000002735e                HardFault_Handler
                0x0000000000027360                MemoryManagement_Handler
                0x0000000000027362                BusFault_Handler
                0x0000000000027364                UsageFault_Handler
                0x0000000000027366                SVC_Handler
                0x0000000000027368                DebugMon_Handler
                0x000000000002736a                PendSV_Handler
                0x000000000002736c                SysTick_Handler
                0x000000000002736e                RADIO_IRQHandler
                0x000000000002736e                PDM_IRQHandler
                0x000000000002736e                TEMP_IRQHandler
                0x000000000002736e                RTC0_IRQHandler
                0x000000000002736e                PWM1_IRQHandler
                0x000000000002736e                TIMER3_IRQHandler
                0x000000000002736e                PWM3_IRQHandler
                0x000000000002736e                FPU_IRQHandler
                0x000000000002736e                USBD_IRQHandler
                0x000000000002736e                SPIM0_SPIS0_TWIM0_TWIS0_SPI0_TWI0_IRQHandler
                0x000000000002736e                QSPI_IRQHandler
                0x000000000002736e                TIMER4_IRQHandler
                0x000000000002736e                CRYPTOCELL_IRQHandler
                0x000000000002736e                QDEC_IRQHandler
                0x000000000002736e                SWI4_EGU4_IRQHandler
                0x000000000002736e                TIMER0_IRQHandler
                0x000000000002736e                UARTE1_IRQHandler
                0x000000000002736e                Dummy_Handler
                0x000000000002736e                TIMER1_IRQHandler
                0x000000000002736e                SPIM3_IRQHandler
                0x000000000002736e                PWM2_IRQHandler
                0x000000000002736e                ECB_IRQHandler
                0x000000000002736e                SPIM1_SPIS1_TWIM1_TWIS1_SPI1_TWI1_IRQHandler
                0x000000000002736e                SAADC_IRQHandler
                0x000000000002736e                CCM_AAR_IRQHandler
                0x000000000002736e                WDT_IRQHandler
                0x000000000002736e                SWI0_EGU0_IRQHandler
                0x000000000002736e                SWI5_EGU5_IRQHandler
                0x000000000002736e                RNG_IRQHandler
                0x000000000002736e                PWM0_IRQHandler
                0x000000000002736e                SWI3_EGU3_IRQHandler
                0x000000000002736e                SWI1_EGU1_IRQHandler
                0x000000000002736e                SPIM2_SPIS2_SPI2_IRQHandler
                0x000000000002736e                NFCT_IRQHandler
                0x000000000002736e                I2S_IRQHandler
                0x000000000002736e                MWU_IRQHandler
                0x000000000002736e                TIMER2_IRQHandler
                0x000000000002736e                COMP_LPCOMP_IRQHandler
                0x0000000000027370                nRFInitialize
 .init          0x0000000000027374       0x5c Output/Release/Obj/ble_multi_custom/ses_startup_nrf_common.o
                0x0000000000027374                Reset_Handler
                0x0000000000027378                afterInitialize
                0x000000000002739c                InitializeUserMemorySections
                0x00000000000273d0                __init_end__ = (__init_start__ + SIZEOF (.init))
                0x00000000000001d0                __init_size__ = SIZEOF (.init)
                0x00000000000273d0                __init_load_end__ = __init_end__
                0x0000000000000001                . = ASSERT (((__init_start__ == __init_end__) || ((__init_end__ - __FLASH1_segment_start__) <= __FLASH1_segment_size__)), error: .init is too large to fit in FLASH1 memory segment)
                0x00000000000273d0                __init_rodata_load_start__ = ALIGN (__init_end__, 0x4)

.init_rodata    0x00000000000273d0        0x0
                0x00000000000273d0                __init_rodata_start__ = .
 *(.init_rodata .init_rodata.*)
                0x00000000000273d0                __init_rodata_end__ = (__init_rodata_start__ + SIZEOF (.init_rodata))
                0x0000000000000000                __init_rodata_size__ = SIZEOF (.init_rodata)
                0x00000000000273d0                __init_rodata_load_end__ = __init_rodata_end__
                0x0000000000000001                . = ASSERT (((__init_rodata_start__ == __init_rodata_end__) || ((__init_rodata_end__ - __FLASH1_segment_start__) <= __FLASH1_segment_size__)), error: .init_rodata is too large to fit in FLASH1 memory segment)
                0x00000000000273d0                __text_load_start__ = ALIGN (__init_rodata_end__, 0x4)

.text           0x00000000000273d0     0x457c
                0x00000000000273d0                __text_start__ = .
 *(.text .text.* .glue_7t .glue_7 .gnu.linkonce.t.* .gcc_except_table .ARM.extab* .gnu.linkonce.armextab.*)
 .glue_7        0x00000000000273d0        0x0 linker stubs
 .glue_7t       0x00000000000273d0        0x0 linker stubs
 .text.nrf_log_backend_serial_put
                0x00000000000273d0       0xc2 Output/Release/Obj/ble_multi_custom/nrf_log_backend_serial.o
                0x00000000000273d0                nrf_log_backend_serial_put
 *fill*         0x0000000000027492        0x2 
 .text.uart_evt_handler
                0x0000000000027494        0xc Output/Release/Obj/ble_multi_custom/nrf_log_backend_uart.o
 .text.nrf_log_backend_uart_flush
                0x00000000000274a0        0x2 Output/Release/Obj/ble_multi_custom/nrf_log_backend_uart.o
 *fill*         0x00000000000274a2        0x2 
 .text.uart_init
                0x00000000000274a4       0x4c Output/Release/Obj/ble_multi_custom/nrf_log_backend_uart.o
 .text.nrf_log_backend_uart_put
                0x00000000000274f0       0x1c Output/Release/Obj/ble_multi_custom/nrf_log_backend_uart.o
 .text.serial_tx
                0x000000000002750c       0x48 Output/Release/Obj/ble_multi_custom/nrf_log_backend_uart.o
 .text.nrf_log_backend_uart_panic_set
                0x0000000000027554       0x2c Output/Release/Obj/ble_multi_custom/nrf_log_backend_uart.o
 .text.nrf_log_backend_uart_init
                0x0000000000027580        0x6 Output/Release/Obj/ble_multi_custom/nrf_log_backend_uart.o
                0x0000000000027580                nrf_log_backend_uart_init
 *fill*         0x0000000000027586        0x2 
 .text.nrf_log_default_backends_init
                0x0000000000027588       0x20 Output/Release/Obj/ble_multi_custom/nrf_log_default_backends.o
                0x0000000000027588                nrf_log_default_backends_init
 .text.invalid_packets_omit
                0x00000000000275a8       0x3a Output/Release/Obj/ble_multi_custom/nrf_log_frontend.o
 *fill*         0x00000000000275e2        0x2 
 .text.buf_prealloc
                0x00000000000275e4      0x128 Output/Release/Obj/ble_multi_custom/nrf_log_frontend.o
 .text.nrf_log_init
                0x000000000002770c       0x28 Output/Release/Obj/ble_multi_custom/nrf_log_frontend.o
                0x000000000002770c                nrf_log_init
 .text.nrf_log_module_name_get
                0x0000000000027734       0x38 Output/Release/Obj/ble_multi_custom/nrf_log_frontend.o
                0x0000000000027734                nrf_log_module_name_get
 .text.nrf_log_color_id_get
                0x000000000002776c       0x2c Output/Release/Obj/ble_multi_custom/nrf_log_frontend.o
                0x000000000002776c                nrf_log_color_id_get
 .text.log_pending_hook
                0x0000000000027798        0x2 Output/Release/Obj/ble_multi_custom/nrf_log_frontend.o
                0x0000000000027798                log_pending_hook
 *fill*         0x000000000002779a        0x2 
 .text.buffer_is_empty
                0x000000000002779c       0x14 Output/Release/Obj/ble_multi_custom/nrf_log_frontend.o
                0x000000000002779c                buffer_is_empty
 .text.nrf_log_frontend_dequeue
                0x00000000000277b0      0x208 Output/Release/Obj/ble_multi_custom/nrf_log_frontend.o
                0x00000000000277b0                nrf_log_frontend_dequeue
 .text.std_n    0x00000000000279b8       0x90 Output/Release/Obj/ble_multi_custom/nrf_log_frontend.o
 .text.nrf_log_frontend_std_0
                0x0000000000027a48        0x8 Output/Release/Obj/ble_multi_custom/nrf_log_frontend.o
                0x0000000000027a48                nrf_log_frontend_std_0
 .text.nrf_log_frontend_std_1
                0x0000000000027a50       0x12 Output/Release/Obj/ble_multi_custom/nrf_log_frontend.o
                0x0000000000027a50                nrf_log_frontend_std_1
 .text.nrf_log_frontend_std_2
                0x0000000000027a62       0x14 Output/Release/Obj/ble_multi_custom/nrf_log_frontend.o
                0x0000000000027a62                nrf_log_frontend_std_2
 *fill*         0x0000000000027a76        0x2 
 .text.nrf_log_backend_add
                0x0000000000027a78       0x44 Output/Release/Obj/ble_multi_custom/nrf_log_frontend.o
                0x0000000000027a78                nrf_log_backend_add
 .text.nrf_log_panic
                0x0000000000027abc       0x28 Output/Release/Obj/ble_multi_custom/nrf_log_frontend.o
                0x0000000000027abc                nrf_log_panic
 .text.prefix_process
                0x0000000000027ae4       0x7c Output/Release/Obj/ble_multi_custom/nrf_log_str_formatter.o
 .text.postfix_process
                0x0000000000027b60       0x44 Output/Release/Obj/ble_multi_custom/nrf_log_str_formatter.o
 .text.nrf_log_std_entry_process
                0x0000000000027ba4       0xc8 Output/Release/Obj/ble_multi_custom/nrf_log_str_formatter.o
                0x0000000000027ba4                nrf_log_std_entry_process
 .text.nrf_log_hexdump_entry_process
                0x0000000000027c6c       0xc0 Output/Release/Obj/ble_multi_custom/nrf_log_str_formatter.o
                0x0000000000027c6c                nrf_log_hexdump_entry_process
 .text.app_button_enable
                0x0000000000027d2c       0x2c Output/Release/Obj/ble_multi_custom/app_button.o
                0x0000000000027d2c                app_button_enable
 .text.app_button_disable
                0x0000000000027d58       0x58 Output/Release/Obj/ble_multi_custom/app_button.o
                0x0000000000027d58                app_button_disable
 .text.app_error_handler_bare
                0x0000000000027db0       0x1a Output/Release/Obj/ble_multi_custom/app_error.o
                0x0000000000027db0                app_error_handler_bare
 *fill*         0x0000000000027dca        0x2 
 .text.app_error_fault_handler
                0x0000000000027dcc       0x3c Output/Release/Obj/ble_multi_custom/app_error_weak.o
                0x0000000000027dcc                app_error_fault_handler
 .text.compare_func
                0x0000000000027e08       0x18 Output/Release/Obj/ble_multi_custom/app_timer2.o
 .text.get_now  0x0000000000027e20       0x38 Output/Release/Obj/ble_multi_custom/app_timer2.o
 .text.timer_req_schedule
                0x0000000000027e58       0x38 Output/Release/Obj/ble_multi_custom/app_timer2.o
 .text.timer_expire
                0x0000000000027e90       0xb0 Output/Release/Obj/ble_multi_custom/app_timer2.o
 .text.app_timer_init
                0x0000000000027f40       0x64 Output/Release/Obj/ble_multi_custom/app_timer2.o
                0x0000000000027f40                app_timer_init
 .text.app_timer_create
                0x0000000000027fa4       0x24 Output/Release/Obj/ble_multi_custom/app_timer2.o
                0x0000000000027fa4                app_timer_create
 .text.app_timer_start
                0x0000000000027fc8       0x5c Output/Release/Obj/ble_multi_custom/app_timer2.o
                0x0000000000027fc8                app_timer_start
 .text.app_timer_stop
                0x0000000000028024       0x4e Output/Release/Obj/ble_multi_custom/app_timer2.o
                0x0000000000028024                app_timer_stop
 *fill*         0x0000000000028072        0x2 
 .text.app_timer_cnt_get
                0x0000000000028074        0xc Output/Release/Obj/ble_multi_custom/app_timer2.o
                0x0000000000028074                app_timer_cnt_get
 .text.rtc_irq  0x0000000000028080      0x1b8 Output/Release/Obj/ble_multi_custom/app_timer2.o
 .text.app_util_critical_region_enter
                0x0000000000028238       0x48 Output/Release/Obj/ble_multi_custom/app_util_platform.o
                0x0000000000028238                app_util_critical_region_enter
 .text.app_util_critical_region_exit
                0x0000000000028280       0x2c Output/Release/Obj/ble_multi_custom/app_util_platform.o
                0x0000000000028280                app_util_critical_region_exit
 .text.evt_pending.isra.0
                0x00000000000282ac       0x1a Output/Release/Obj/ble_multi_custom/drv_rtc.o
 *fill*         0x00000000000282c6        0x2 
 .text.drv_rtc_init
                0x00000000000282c8       0xa4 Output/Release/Obj/ble_multi_custom/drv_rtc.o
                0x00000000000282c8                drv_rtc_init
 .text.drv_rtc_start
                0x000000000002836c        0x8 Output/Release/Obj/ble_multi_custom/drv_rtc.o
                0x000000000002836c                drv_rtc_start
 .text.drv_rtc_stop
                0x0000000000028374        0x8 Output/Release/Obj/ble_multi_custom/drv_rtc.o
                0x0000000000028374                drv_rtc_stop
 .text.drv_rtc_compare_set
                0x000000000002837c       0x3e Output/Release/Obj/ble_multi_custom/drv_rtc.o
                0x000000000002837c                drv_rtc_compare_set
 *fill*         0x00000000000283ba        0x2 
 .text.drv_rtc_windowed_compare_set
                0x00000000000283bc       0xf0 Output/Release/Obj/ble_multi_custom/drv_rtc.o
                0x00000000000283bc                drv_rtc_windowed_compare_set
 .text.drv_rtc_overflow_enable
                0x00000000000284ac       0x10 Output/Release/Obj/ble_multi_custom/drv_rtc.o
                0x00000000000284ac                drv_rtc_overflow_enable
 .text.drv_rtc_overflow_pending
                0x00000000000284bc        0xa Output/Release/Obj/ble_multi_custom/drv_rtc.o
                0x00000000000284bc                drv_rtc_overflow_pending
 .text.drv_rtc_compare_disable
                0x00000000000284c6       0x14 Output/Release/Obj/ble_multi_custom/drv_rtc.o
                0x00000000000284c6                drv_rtc_compare_disable
 .text.drv_rtc_compare_pending
                0x00000000000284da        0xc Output/Release/Obj/ble_multi_custom/drv_rtc.o
                0x00000000000284da                drv_rtc_compare_pending
 .text.drv_rtc_counter_get
                0x00000000000284e6        0x8 Output/Release/Obj/ble_multi_custom/drv_rtc.o
                0x00000000000284e6                drv_rtc_counter_get
 *fill*         0x00000000000284ee        0x2 
 .text.drv_rtc_irq_trigger
                0x00000000000284f0       0x24 Output/Release/Obj/ble_multi_custom/drv_rtc.o
                0x00000000000284f0                drv_rtc_irq_trigger
 .text.RTC1_IRQHandler
                0x0000000000028514       0x14 Output/Release/Obj/ble_multi_custom/drv_rtc.o
                0x0000000000028514                RTC1_IRQHandler
 .text.nrf_atfifo_init
                0x0000000000028528       0x26 Output/Release/Obj/ble_multi_custom/nrf_atfifo.o
                0x0000000000028528                nrf_atfifo_init
 .text.nrf_atfifo_item_alloc
                0x000000000002854e       0x54 Output/Release/Obj/ble_multi_custom/nrf_atfifo.o
                0x000000000002854e                nrf_atfifo_item_alloc
 .text.nrf_atfifo_item_put
                0x00000000000285a2       0x20 Output/Release/Obj/ble_multi_custom/nrf_atfifo.o
                0x00000000000285a2                nrf_atfifo_item_put
 .text.nrf_atfifo_item_get
                0x00000000000285c2       0x56 Output/Release/Obj/ble_multi_custom/nrf_atfifo.o
                0x00000000000285c2                nrf_atfifo_item_get
 .text.nrf_atfifo_item_free
                0x0000000000028618       0x20 Output/Release/Obj/ble_multi_custom/nrf_atfifo.o
                0x0000000000028618                nrf_atfifo_item_free
 .text.nrf_atflags_set
                0x0000000000028638       0x12 Output/Release/Obj/ble_multi_custom/nrf_atflags.o
                0x0000000000028638                nrf_atflags_set
 .text.nrf_atflags_clear
                0x000000000002864a       0x14 Output/Release/Obj/ble_multi_custom/nrf_atflags.o
                0x000000000002864a                nrf_atflags_clear
 .text.nrf_atflags_get
                0x000000000002865e       0x12 Output/Release/Obj/ble_multi_custom/nrf_atflags.o
                0x000000000002865e                nrf_atflags_get
 .text.nrf_atomic_u32_fetch_store
                0x0000000000028670       0x16 Output/Release/Obj/ble_multi_custom/nrf_atomic.o
                0x0000000000028670                nrf_atomic_u32_fetch_store
 .text.nrf_atomic_u32_or
                0x0000000000028686       0x18 Output/Release/Obj/ble_multi_custom/nrf_atomic.o
                0x0000000000028686                nrf_atomic_u32_or
 .text.nrf_atomic_u32_fetch_and
                0x000000000002869e       0x18 Output/Release/Obj/ble_multi_custom/nrf_atomic.o
                0x000000000002869e                nrf_atomic_u32_fetch_and
 .text.nrf_atomic_u32_and
                0x00000000000286b6       0x18 Output/Release/Obj/ble_multi_custom/nrf_atomic.o
                0x00000000000286b6                nrf_atomic_u32_and
 .text.nrf_atomic_u32_add
                0x00000000000286ce       0x18 Output/Release/Obj/ble_multi_custom/nrf_atomic.o
                0x00000000000286ce                nrf_atomic_u32_add
 .text.nrf_atomic_u32_sub
                0x00000000000286e6       0x18 Output/Release/Obj/ble_multi_custom/nrf_atomic.o
                0x00000000000286e6                nrf_atomic_u32_sub
 .text.nrf_atomic_flag_set
                0x00000000000286fe        0x6 Output/Release/Obj/ble_multi_custom/nrf_atomic.o
                0x00000000000286fe                nrf_atomic_flag_set
 .text.nrf_atomic_flag_clear_fetch
                0x0000000000028704        0x6 Output/Release/Obj/ble_multi_custom/nrf_atomic.o
                0x0000000000028704                nrf_atomic_flag_clear_fetch
 .text.nrf_balloc_init
                0x000000000002870a       0x2e Output/Release/Obj/ble_multi_custom/nrf_balloc.o
                0x000000000002870a                nrf_balloc_init
 .text.nrf_balloc_alloc
                0x0000000000028738       0x48 Output/Release/Obj/ble_multi_custom/nrf_balloc.o
                0x0000000000028738                nrf_balloc_alloc
 .text.nrf_balloc_free
                0x0000000000028780       0x34 Output/Release/Obj/ble_multi_custom/nrf_balloc.o
                0x0000000000028780                nrf_balloc_free
 .text.nrf_fprintf_buffer_flush
                0x00000000000287b4       0x16 Output/Release/Obj/ble_multi_custom/nrf_fprintf.o
                0x00000000000287b4                nrf_fprintf_buffer_flush
 .text.nrf_fprintf
                0x00000000000287ca       0x1c Output/Release/Obj/ble_multi_custom/nrf_fprintf.o
                0x00000000000287ca                nrf_fprintf
 .text.buffer_add
                0x00000000000287e6       0x2e Output/Release/Obj/ble_multi_custom/nrf_fprintf_format.o
 .text.unsigned_print
                0x0000000000028814       0xb4 Output/Release/Obj/ble_multi_custom/nrf_fprintf_format.o
 .text.nrf_fprintf_fmt
                0x00000000000288c8      0x294 Output/Release/Obj/ble_multi_custom/nrf_fprintf_format.o
                0x00000000000288c8                nrf_fprintf_fmt
 .text.memobj_op
                0x0000000000028b5c       0x86 Output/Release/Obj/ble_multi_custom/nrf_memobj.o
 .text.nrf_memobj_pool_init
                0x0000000000028be2        0x4 Output/Release/Obj/ble_multi_custom/nrf_memobj.o
                0x0000000000028be2                nrf_memobj_pool_init
 .text.nrf_memobj_free
                0x0000000000028be6       0x2c Output/Release/Obj/ble_multi_custom/nrf_memobj.o
                0x0000000000028be6                nrf_memobj_free
 .text.nrf_memobj_alloc
                0x0000000000028c12       0x5e Output/Release/Obj/ble_multi_custom/nrf_memobj.o
                0x0000000000028c12                nrf_memobj_alloc
 .text.nrf_memobj_get
                0x0000000000028c70        0x8 Output/Release/Obj/ble_multi_custom/nrf_memobj.o
                0x0000000000028c70                nrf_memobj_get
 .text.nrf_memobj_put
                0x0000000000028c78       0x1c Output/Release/Obj/ble_multi_custom/nrf_memobj.o
                0x0000000000028c78                nrf_memobj_put
 .text.nrf_memobj_write
                0x0000000000028c94       0x14 Output/Release/Obj/ble_multi_custom/nrf_memobj.o
                0x0000000000028c94                nrf_memobj_write
 .text.nrf_memobj_read
                0x0000000000028ca8       0x14 Output/Release/Obj/ble_multi_custom/nrf_memobj.o
                0x0000000000028ca8                nrf_memobj_read
 .text.sd_app_evt_wait
                0x0000000000028cbc        0x4 Output/Release/Obj/ble_multi_custom/nrf_pwr_mgmt.o
 .text.nrf_pwr_mgmt_init
                0x0000000000028cc0       0x2c Output/Release/Obj/ble_multi_custom/nrf_pwr_mgmt.o
                0x0000000000028cc0                nrf_pwr_mgmt_init
 .text.nrf_pwr_mgmt_run
                0x0000000000028cec       0x50 Output/Release/Obj/ble_multi_custom/nrf_pwr_mgmt.o
                0x0000000000028cec                nrf_pwr_mgmt_run
 .text.nrf_ringbuf_init
                0x0000000000028d3c       0x12 Output/Release/Obj/ble_multi_custom/nrf_ringbuf.o
                0x0000000000028d3c                nrf_ringbuf_init
 .text.nrf_section_iter_init
                0x0000000000028d4e       0x14 Output/Release/Obj/ble_multi_custom/nrf_section_iter.o
                0x0000000000028d4e                nrf_section_iter_init
 .text.nrf_section_iter_next
                0x0000000000028d62       0x18 Output/Release/Obj/ble_multi_custom/nrf_section_iter.o
                0x0000000000028d62                nrf_section_iter_next
 .text.nrf_sortlist_add
                0x0000000000028d7a       0x20 Output/Release/Obj/ble_multi_custom/nrf_sortlist.o
                0x0000000000028d7a                nrf_sortlist_add
 .text.nrf_sortlist_pop
                0x0000000000028d9a        0xc Output/Release/Obj/ble_multi_custom/nrf_sortlist.o
                0x0000000000028d9a                nrf_sortlist_pop
 .text.nrf_sortlist_peek
                0x0000000000028da6        0x6 Output/Release/Obj/ble_multi_custom/nrf_sortlist.o
                0x0000000000028da6                nrf_sortlist_peek
 .text.nrf_sortlist_remove
                0x0000000000028dac       0x1a Output/Release/Obj/ble_multi_custom/nrf_sortlist.o
                0x0000000000028dac                nrf_sortlist_remove
 *fill*         0x0000000000028dc6        0x2 
 .text.nrf_strerror_find
                0x0000000000028dc8       0x3c Output/Release/Obj/ble_multi_custom/nrf_strerror.o
                0x0000000000028dc8                nrf_strerror_find
 .text.nrf_strerror_get
                0x0000000000028e04       0x14 Output/Release/Obj/ble_multi_custom/nrf_strerror.o
                0x0000000000028e04                nrf_strerror_get
 .text.nrf52_errata_36
                0x0000000000028e18       0x12 Output/Release/Obj/ble_multi_custom/system_nrf52840.o
 *fill*         0x0000000000028e2a        0x2 
 .text.nrf52_errata_98
                0x0000000000028e2c       0x24 Output/Release/Obj/ble_multi_custom/system_nrf52840.o
 .text.nvmc_wait
                0x0000000000028e50       0x10 Output/Release/Obj/ble_multi_custom/system_nrf52840.o
                0x0000000000028e50                nvmc_wait
 .text.SystemInit
                0x0000000000028e60      0x1e8 Output/Release/Obj/ble_multi_custom/system_nrf52840.o
                0x0000000000028e60                SystemInit
 .text.bsp_board_led_on
                0x0000000000029048       0x28 Output/Release/Obj/ble_multi_custom/boards.o
                0x0000000000029048                bsp_board_led_on
 .text.bsp_board_led_off
                0x0000000000029070       0x28 Output/Release/Obj/ble_multi_custom/boards.o
                0x0000000000029070                bsp_board_led_off
 .text.clock_clk_started_notify
                0x0000000000029098       0x24 Output/Release/Obj/ble_multi_custom/nrf_drv_clock.o
 .text.clock_irq_handler
                0x00000000000290bc       0x1c Output/Release/Obj/ble_multi_custom/nrf_drv_clock.o
 .text.soc_evt_handler
                0x00000000000290d8       0x14 Output/Release/Obj/ble_multi_custom/nrf_drv_clock.o
 .text.nrf_drv_clock_init
                0x00000000000290ec       0x48 Output/Release/Obj/ble_multi_custom/nrf_drv_clock.o
                0x00000000000290ec                nrf_drv_clock_init
 .text.nrf_drv_clock_lfclk_release
                0x0000000000029134       0x40 Output/Release/Obj/ble_multi_custom/nrf_drv_clock.o
                0x0000000000029134                nrf_drv_clock_lfclk_release
 .text.sd_state_evt_handler
                0x0000000000029174       0x64 Output/Release/Obj/ble_multi_custom/nrf_drv_clock.o
 .text.uarte_evt_handler
                0x00000000000291d8       0x34 Output/Release/Obj/ble_multi_custom/nrf_drv_uart.o
 .text.uart_evt_handler
                0x000000000002920c       0x34 Output/Release/Obj/ble_multi_custom/nrf_drv_uart.o
 .text.nrf_drv_uart_init
                0x0000000000029240       0x7c Output/Release/Obj/ble_multi_custom/nrf_drv_uart.o
                0x0000000000029240                nrf_drv_uart_init
 .text.nrf_clock_event_clear
                0x00000000000292bc       0x14 Output/Release/Obj/ble_multi_custom/nrfx_clock.o
 .text.nrfx_clock_init
                0x00000000000292d0       0x18 Output/Release/Obj/ble_multi_custom/nrfx_clock.o
                0x00000000000292d0                nrfx_clock_init
 .text.nrfx_clock_enable
                0x00000000000292e8       0x24 Output/Release/Obj/ble_multi_custom/nrfx_clock.o
                0x00000000000292e8                nrfx_clock_enable
 .text.nrfx_clock_lfclk_stop
                0x000000000002930c       0x22 Output/Release/Obj/ble_multi_custom/nrfx_clock.o
                0x000000000002930c                nrfx_clock_lfclk_stop
 *fill*         0x000000000002932e        0x2 
 .text.POWER_CLOCK_IRQHandler
                0x0000000000029330       0x50 Output/Release/Obj/ble_multi_custom/nrfx_clock.o
                0x0000000000029330                POWER_CLOCK_IRQHandler
 .text.nrf_gpiote_event_clear
                0x0000000000029380       0x18 Output/Release/Obj/ble_multi_custom/nrfx_gpiote.o
 .text.nrf_gpio_pin_port_decode
                0x0000000000029398       0x18 Output/Release/Obj/ble_multi_custom/nrfx_gpiote.o
 .text.nrf_gpio_cfg_sense_set
                0x00000000000293b0       0x2e Output/Release/Obj/ble_multi_custom/nrfx_gpiote.o
 *fill*         0x00000000000293de        0x2 
 .text.nrfx_gpiote_in_event_enable
                0x00000000000293e0       0x9c Output/Release/Obj/ble_multi_custom/nrfx_gpiote.o
                0x00000000000293e0                nrfx_gpiote_in_event_enable
 .text.nrfx_gpiote_in_event_disable
                0x000000000002947c       0x44 Output/Release/Obj/ble_multi_custom/nrfx_gpiote.o
                0x000000000002947c                nrfx_gpiote_in_event_disable
 .text.GPIOTE_IRQHandler
                0x00000000000294c0      0x17c Output/Release/Obj/ble_multi_custom/nrfx_gpiote.o
                0x00000000000294c0                GPIOTE_IRQHandler
 .text.UARTE0_UART0_IRQHandler
                0x000000000002963c        0xc Output/Release/Obj/ble_multi_custom/nrfx_prs.o
                0x000000000002963c                UARTE0_UART0_IRQHandler
 .text.nrfx_prs_acquire
                0x0000000000029648       0x44 Output/Release/Obj/ble_multi_custom/nrfx_prs.o
                0x0000000000029648                nrfx_prs_acquire
 .text.nrfx_prs_release
                0x000000000002968c       0x18 Output/Release/Obj/ble_multi_custom/nrfx_prs.o
                0x000000000002968c                nrfx_prs_release
 .text.nrf_uart_event_clear
                0x00000000000296a4       0x10 Output/Release/Obj/ble_multi_custom/nrfx_uart.o
 .text.tx_byte  0x00000000000296b4       0x1e Output/Release/Obj/ble_multi_custom/nrfx_uart.o
 .text.rx_byte  0x00000000000296d2       0x2c Output/Release/Obj/ble_multi_custom/nrfx_uart.o
 *fill*         0x00000000000296fe        0x2 
 .text.rx_done_event.constprop.0
                0x0000000000029700       0x20 Output/Release/Obj/ble_multi_custom/nrfx_uart.o
 .text.nrfx_uart_0_irq_handler
                0x0000000000029720      0x140 Output/Release/Obj/ble_multi_custom/nrfx_uart.o
                0x0000000000029720                nrfx_uart_0_irq_handler
 .text.nrf_gpio_cfg_default
                0x0000000000029860       0x20 Output/Release/Obj/ble_multi_custom/nrfx_uart.o
 .text.nrfx_uart_init
                0x0000000000029880      0x1a0 Output/Release/Obj/ble_multi_custom/nrfx_uart.o
                0x0000000000029880                nrfx_uart_init
 .text.nrfx_uart_uninit
                0x0000000000029a20       0xb8 Output/Release/Obj/ble_multi_custom/nrfx_uart.o
                0x0000000000029a20                nrfx_uart_uninit
 .text.nrfx_uart_tx_in_progress
                0x0000000000029ad8       0x18 Output/Release/Obj/ble_multi_custom/nrfx_uart.o
                0x0000000000029ad8                nrfx_uart_tx_in_progress
 .text.nrfx_uart_tx
                0x0000000000029af0       0xa0 Output/Release/Obj/ble_multi_custom/nrfx_uart.o
                0x0000000000029af0                nrfx_uart_tx
 .text.nrf_uarte_event_clear
                0x0000000000029b90       0x10 Output/Release/Obj/ble_multi_custom/nrfx_uarte.o
 .text.rx_done_event.constprop.0
                0x0000000000029ba0       0x20 Output/Release/Obj/ble_multi_custom/nrfx_uarte.o
 .text.nrfx_uarte_0_irq_handler
                0x0000000000029bc0      0x118 Output/Release/Obj/ble_multi_custom/nrfx_uarte.o
                0x0000000000029bc0                nrfx_uarte_0_irq_handler
 .text.nrf_gpio_cfg_default
                0x0000000000029cd8       0x20 Output/Release/Obj/ble_multi_custom/nrfx_uarte.o
 .text.nrfx_uarte_init
                0x0000000000029cf8      0x1b8 Output/Release/Obj/ble_multi_custom/nrfx_uarte.o
                0x0000000000029cf8                nrfx_uarte_init
 .text.nrfx_uarte_uninit
                0x0000000000029eb0      0x108 Output/Release/Obj/ble_multi_custom/nrfx_uarte.o
                0x0000000000029eb0                nrfx_uarte_uninit
 .text.nrfx_uarte_tx_in_progress
                0x0000000000029fb8       0x18 Output/Release/Obj/ble_multi_custom/nrfx_uarte.o
                0x0000000000029fb8                nrfx_uarte_tx_in_progress
 .text.nrfx_uarte_tx
                0x0000000000029fd0       0x9c Output/Release/Obj/ble_multi_custom/nrfx_uarte.o
                0x0000000000029fd0                nrfx_uarte_tx
 .text.nrf_rtc_event_clear
                0x000000000002a06c       0x10 Output/Release/Obj/ble_multi_custom/nrfx_rtc.o
 .text.RTC2_IRQHandler
                0x000000000002a07c       0x9c Output/Release/Obj/ble_multi_custom/nrfx_rtc.o
                0x000000000002a07c                RTC2_IRQHandler
 .text.sd_ble_gap_adv_set_configure
                0x000000000002a118        0x4 Output/Release/Obj/ble_multi_custom/main.o
 .text.sd_ble_gap_adv_start
                0x000000000002a11c        0x4 Output/Release/Obj/ble_multi_custom/main.o
 .text.sd_ble_gap_disconnect
                0x000000000002a120        0x4 Output/Release/Obj/ble_multi_custom/main.o
 .text.sd_ble_gap_ppcp_set
                0x000000000002a124        0x4 Output/Release/Obj/ble_multi_custom/main.o
 .text.sd_ble_gap_device_name_set
                0x000000000002a128        0x4 Output/Release/Obj/ble_multi_custom/main.o
 .text.sd_ble_gap_sec_params_reply
                0x000000000002a12c        0x4 Output/Release/Obj/ble_multi_custom/main.o
 .text.sd_ble_gap_phy_update
                0x000000000002a130        0x4 Output/Release/Obj/ble_multi_custom/main.o
 .text.sd_ble_gatts_sys_attr_set
                0x000000000002a134        0x4 Output/Release/Obj/ble_multi_custom/main.o
 .text.nrf_qwr_error_handler
                0x000000000002a138        0x4 Output/Release/Obj/ble_multi_custom/main.o
 .text.advertising_start
                0x000000000002a13c       0x20 Output/Release/Obj/ble_multi_custom/main.o
 .text.ble_evt_handler
                0x000000000002a15c      0x130 Output/Release/Obj/ble_multi_custom/main.o
 .text.led_write_handler
                0x000000000002a28c       0x44 Output/Release/Obj/ble_multi_custom/main.o
 .text.conn_params_error_handler
                0x000000000002a2d0        0x4 Output/Release/Obj/ble_multi_custom/main.o
 .text.startup.main
                0x000000000002a2d4      0x1e8 Output/Release/Obj/ble_multi_custom/main.o
                0x000000000002a2d4                main
 .text.sd_ble_gap_addr_get
                0x000000000002a4bc        0x4 Output/Release/Obj/ble_multi_custom/ble_advdata.o
 .text.sd_ble_gap_appearance_get
                0x000000000002a4c0        0x4 Output/Release/Obj/ble_multi_custom/ble_advdata.o
 .text.sd_ble_gap_device_name_get
                0x000000000002a4c4        0x4 Output/Release/Obj/ble_multi_custom/ble_advdata.o
 .text.sd_ble_uuid_encode
                0x000000000002a4c8        0x4 Output/Release/Obj/ble_multi_custom/ble_advdata.o
 .text.uuid_list_sized_encode
                0x000000000002a4cc       0xac Output/Release/Obj/ble_multi_custom/ble_advdata.o
 .text.uuid_list_encode
                0x000000000002a578       0x38 Output/Release/Obj/ble_multi_custom/ble_advdata.o
 .text.ble_advdata_encode
                0x000000000002a5b0      0x394 Output/Release/Obj/ble_multi_custom/ble_advdata.o
                0x000000000002a5b0                ble_advdata_encode
 .text.sd_ble_gap_conn_param_update
                0x000000000002a944        0x4 Output/Release/Obj/ble_multi_custom/ble_conn_params.o
 .text.sd_ble_gap_disconnect
                0x000000000002a948        0x4 Output/Release/Obj/ble_multi_custom/ble_conn_params.o
 .text.sd_ble_gap_ppcp_set
                0x000000000002a94c        0x4 Output/Release/Obj/ble_multi_custom/ble_conn_params.o
 .text.sd_ble_gap_ppcp_get
                0x000000000002a950        0x4 Output/Release/Obj/ble_multi_custom/ble_conn_params.o
 .text.instance_get
                0x000000000002a954       0x24 Output/Release/Obj/ble_multi_custom/ble_conn_params.o
 .text.send_error_evt
                0x000000000002a978       0x10 Output/Release/Obj/ble_multi_custom/ble_conn_params.o
 .text.update_timeout_handler
                0x000000000002a988       0x70 Output/Release/Obj/ble_multi_custom/ble_conn_params.o
 .text.conn_params_negotiation
                0x000000000002a9f8       0x48 Output/Release/Obj/ble_multi_custom/ble_conn_params.o
 .text.is_conn_params_ok.constprop.0
                0x000000000002aa40       0x32 Output/Release/Obj/ble_multi_custom/ble_conn_params.o
 *fill*         0x000000000002aa72        0x2 
 .text.ble_evt_handler
                0x000000000002aa74       0xe4 Output/Release/Obj/ble_multi_custom/ble_conn_params.o
 .text.ble_conn_params_init
                0x000000000002ab58       0x8c Output/Release/Obj/ble_multi_custom/ble_conn_params.o
                0x000000000002ab58                ble_conn_params_init
 .text.flag_toggle
                0x000000000002abe4        0xa Output/Release/Obj/ble_multi_custom/ble_conn_state.o
 *fill*         0x000000000002abee        0x2 
 .text.bcs_internal_state_reset
                0x000000000002abf0       0x10 Output/Release/Obj/ble_multi_custom/ble_conn_state.o
                0x000000000002abf0                bcs_internal_state_reset
 .text.conn_handle_list_get
                0x000000000002ac00       0x2e Output/Release/Obj/ble_multi_custom/ble_conn_state.o
                0x000000000002ac00                conn_handle_list_get
 *fill*         0x000000000002ac2e        0x2 
 .text.ble_evt_handler
                0x000000000002ac30      0x110 Output/Release/Obj/ble_multi_custom/ble_conn_state.o
 .text.active_flag_count
                0x000000000002ad40       0x20 Output/Release/Obj/ble_multi_custom/ble_conn_state.o
                0x000000000002ad40                active_flag_count
 .text.ble_conn_state_init
                0x000000000002ad60        0x4 Output/Release/Obj/ble_multi_custom/ble_conn_state.o
                0x000000000002ad60                ble_conn_state_init
 .text.ble_conn_state_peripheral_conn_count
                0x000000000002ad64       0x24 Output/Release/Obj/ble_multi_custom/ble_conn_state.o
                0x000000000002ad64                ble_conn_state_peripheral_conn_count
 .text.sd_ble_gatts_characteristic_add
                0x000000000002ad88        0x4 Output/Release/Obj/ble_multi_custom/ble_srv_common.o
 .text.set_security_req
                0x000000000002ad8c       0x2a Output/Release/Obj/ble_multi_custom/ble_srv_common.o
 .text.ble_srv_is_notification_enabled
                0x000000000002adb6        0x8 Output/Release/Obj/ble_multi_custom/ble_srv_common.o
                0x000000000002adb6                ble_srv_is_notification_enabled
 .text.characteristic_add
                0x000000000002adbe      0x148 Output/Release/Obj/ble_multi_custom/ble_srv_common.o
                0x000000000002adbe                characteristic_add
 .text.sd_ble_gap_data_length_update
                0x000000000002af06        0x4 Output/Release/Obj/ble_multi_custom/nrf_ble_gatt.o
 .text.sd_ble_gattc_exchange_mtu_request
                0x000000000002af0a        0x4 Output/Release/Obj/ble_multi_custom/nrf_ble_gatt.o
 .text.sd_ble_gatts_exchange_mtu_reply
                0x000000000002af0e        0x4 Output/Release/Obj/ble_multi_custom/nrf_ble_gatt.o
 *fill*         0x000000000002af12        0x2 
 .text.data_length_update
                0x000000000002af14       0x84 Output/Release/Obj/ble_multi_custom/nrf_ble_gatt.o
 .text.nrf_ble_gatt_init
                0x000000000002af98       0x32 Output/Release/Obj/ble_multi_custom/nrf_ble_gatt.o
                0x000000000002af98                nrf_ble_gatt_init
 *fill*         0x000000000002afca        0x2 
 .text.nrf_ble_gatt_on_ble_evt
                0x000000000002afcc      0x1c4 Output/Release/Obj/ble_multi_custom/nrf_ble_gatt.o
                0x000000000002afcc                nrf_ble_gatt_on_ble_evt
 .text.sd_ble_gatts_rw_authorize_reply
                0x000000000002b190        0x4 Output/Release/Obj/ble_multi_custom/nrf_ble_qwr.o
 .text.sd_ble_user_mem_reply
                0x000000000002b194        0x4 Output/Release/Obj/ble_multi_custom/nrf_ble_qwr.o
 .text.user_mem_reply.part.0
                0x000000000002b198       0x24 Output/Release/Obj/ble_multi_custom/nrf_ble_qwr.o
 .text.nrf_ble_qwr_init
                0x000000000002b1bc       0x24 Output/Release/Obj/ble_multi_custom/nrf_ble_qwr.o
                0x000000000002b1bc                nrf_ble_qwr_init
 .text.nrf_ble_qwr_conn_handle_assign
                0x000000000002b1e0       0x16 Output/Release/Obj/ble_multi_custom/nrf_ble_qwr.o
                0x000000000002b1e0                nrf_ble_qwr_conn_handle_assign
 .text.nrf_ble_qwr_on_ble_evt
                0x000000000002b1f6       0xa6 Output/Release/Obj/ble_multi_custom/nrf_ble_qwr.o
                0x000000000002b1f6                nrf_ble_qwr_on_ble_evt
 .text.sd_ble_gatts_service_add
                0x000000000002b29c        0x4 Output/Release/Obj/ble_multi_custom/ble_lbs.o
 .text.sd_ble_uuid_vs_add
                0x000000000002b2a0        0x4 Output/Release/Obj/ble_multi_custom/ble_lbs.o
 .text.ble_lbs_on_ble_evt
                0x000000000002b2a4       0x2a Output/Release/Obj/ble_multi_custom/ble_lbs.o
                0x000000000002b2a4                ble_lbs_on_ble_evt
 *fill*         0x000000000002b2ce        0x2 
 .text.ble_lbs_init
                0x000000000002b2d0       0xdc Output/Release/Obj/ble_multi_custom/ble_lbs.o
                0x000000000002b2d0                ble_lbs_init
 .text.sd_softdevice_enable
                0x000000000002b3ac        0x4 Output/Release/Obj/ble_multi_custom/nrf_sdh.o
 .text.sdh_request_observer_notify
                0x000000000002b3b0       0x30 Output/Release/Obj/ble_multi_custom/nrf_sdh.o
 .text.sdh_state_observer_notify
                0x000000000002b3e0       0x28 Output/Release/Obj/ble_multi_custom/nrf_sdh.o
 .text.softdevices_evt_irq_enable
                0x000000000002b408       0x38 Output/Release/Obj/ble_multi_custom/nrf_sdh.o
 .text.nrf_sdh_enable_request
                0x000000000002b440       0x7c Output/Release/Obj/ble_multi_custom/nrf_sdh.o
                0x000000000002b440                nrf_sdh_enable_request
 .text.nrf_sdh_is_enabled
                0x000000000002b4bc        0xc Output/Release/Obj/ble_multi_custom/nrf_sdh.o
                0x000000000002b4bc                nrf_sdh_is_enabled
 .text.nrf_sdh_evts_poll
                0x000000000002b4c8       0x28 Output/Release/Obj/ble_multi_custom/nrf_sdh.o
                0x000000000002b4c8                nrf_sdh_evts_poll
 .text.SWI2_EGU2_IRQHandler
                0x000000000002b4f0        0x4 Output/Release/Obj/ble_multi_custom/nrf_sdh.o
                0x000000000002b4f0                SWI2_EGU2_IRQHandler
 .text.sd_ble_enable
                0x000000000002b4f4        0x4 Output/Release/Obj/ble_multi_custom/nrf_sdh_ble.o
 .text.sd_ble_cfg_set
                0x000000000002b4f8        0x4 Output/Release/Obj/ble_multi_custom/nrf_sdh_ble.o
 .text.sd_ble_evt_get
                0x000000000002b4fc        0x4 Output/Release/Obj/ble_multi_custom/nrf_sdh_ble.o
 .text.nrf_sdh_ble_evts_poll
                0x000000000002b500       0x58 Output/Release/Obj/ble_multi_custom/nrf_sdh_ble.o
 .text.nrf_sdh_ble_default_cfg_set
                0x000000000002b558      0x144 Output/Release/Obj/ble_multi_custom/nrf_sdh_ble.o
                0x000000000002b558                nrf_sdh_ble_default_cfg_set
 .text.nrf_sdh_ble_enable
                0x000000000002b69c       0x98 Output/Release/Obj/ble_multi_custom/nrf_sdh_ble.o
                0x000000000002b69c                nrf_sdh_ble_enable
 .text.sd_evt_get
                0x000000000002b734        0x4 Output/Release/Obj/ble_multi_custom/nrf_sdh_soc.o
 .text.nrf_sdh_soc_evts_poll
                0x000000000002b738       0x40 Output/Release/Obj/ble_multi_custom/nrf_sdh_soc.o
 .text.libc.__RAL_ascii_isctype
                0x000000000002b778       0x1c C:/Program Files/Segger/arm_segger_embedded_studio_v560_win_x64_nordic/lib/libc_v7em_fpv4_sp_d16_hard_t_le_eabi.a(libc2.o)
 .text.libc.__RAL_ascii_toupper
                0x000000000002b794        0xc C:/Program Files/Segger/arm_segger_embedded_studio_v560_win_x64_nordic/lib/libc_v7em_fpv4_sp_d16_hard_t_le_eabi.a(libc2.o)
 .text.libc.__RAL_ascii_tolower
                0x000000000002b7a0        0xc C:/Program Files/Segger/arm_segger_embedded_studio_v560_win_x64_nordic/lib/libc_v7em_fpv4_sp_d16_hard_t_le_eabi.a(libc2.o)
 .text.libc.__RAL_ascii_iswctype
                0x000000000002b7ac       0x1c C:/Program Files/Segger/arm_segger_embedded_studio_v560_win_x64_nordic/lib/libc_v7em_fpv4_sp_d16_hard_t_le_eabi.a(libc2.o)
 .text.libc.__RAL_ascii_towupper
                0x000000000002b7c8        0xc C:/Program Files/Segger/arm_segger_embedded_studio_v560_win_x64_nordic/lib/libc_v7em_fpv4_sp_d16_hard_t_le_eabi.a(libc2.o)
 .text.libc.__RAL_ascii_towlower
                0x000000000002b7d4        0xc C:/Program Files/Segger/arm_segger_embedded_studio_v560_win_x64_nordic/lib/libc_v7em_fpv4_sp_d16_hard_t_le_eabi.a(libc2.o)
 .text.libc.__RAL_ascii_wctomb
                0x000000000002b7e0        0xe C:/Program Files/Segger/arm_segger_embedded_studio_v560_win_x64_nordic/lib/libc_v7em_fpv4_sp_d16_hard_t_le_eabi.a(libc2.o)
                0x000000000002b7e0                __RAL_ascii_wctomb
 .text.libc.__RAL_ascii_mbtowc
                0x000000000002b7ee       0x24 C:/Program Files/Segger/arm_segger_embedded_studio_v560_win_x64_nordic/lib/libc_v7em_fpv4_sp_d16_hard_t_le_eabi.a(libc2.o)
                0x000000000002b7ee                __RAL_ascii_mbtowc
 *fill*         0x000000000002b812        0x2 
 .text.libc.__RAL_isctype
                0x000000000002b814       0x14 C:/Program Files/Segger/arm_segger_embedded_studio_v560_win_x64_nordic/lib/libc_v7em_fpv4_sp_d16_hard_t_le_eabi.a(libc2.o)
                0x000000000002b814                __RAL_isctype
 .text.libc.isprint
                0x000000000002b828        0xa C:/Program Files/Segger/arm_segger_embedded_studio_v560_win_x64_nordic/lib/libc_v7em_fpv4_sp_d16_hard_t_le_eabi.a(libc2.o)
                0x000000000002b828                isprint
 .text.libc.memcpy
                0x000000000002b832       0x52 C:/Program Files/Segger/arm_segger_embedded_studio_v560_win_x64_nordic/lib/libc_v7em_fpv4_sp_d16_hard_t_le_eabi.a(libc2_asm.o)
                0x000000000002b832                __aeabi_memcpy
                0x000000000002b832                memcpy
                0x000000000002b83e                __aeabi_memcpy8
                0x000000000002b83e                __aeabi_memcpy4
 .text.libc.memset
                0x000000000002b884       0x66 C:/Program Files/Segger/arm_segger_embedded_studio_v560_win_x64_nordic/lib/libc_v7em_fpv4_sp_d16_hard_t_le_eabi.a(libc2_asm.o)
                0x000000000002b884                memset
 .text.libc.strlen
                0x000000000002b8ea       0x60 C:/Program Files/Segger/arm_segger_embedded_studio_v560_win_x64_nordic/lib/libc_v7em_fpv4_sp_d16_hard_t_le_eabi.a(libc2_asm.o)
                0x000000000002b8ea                strlen
                0x000000000002b94c                . = ALIGN (MAX ((__text_start__ + 0x4), .), 0x4)
 *fill*         0x000000000002b94a        0x2 
                0x000000000002b94c                __text_end__ = (__text_start__ + SIZEOF (.text))
                0x000000000000457c                __text_size__ = SIZEOF (.text)
                0x000000000002b94c                __text_load_end__ = __text_end__

.vfp11_veneer   0x0000000100000000        0x0
 .vfp11_veneer  0x0000000100000000        0x0 linker stubs

.v4_bx          0x0000000100000000        0x0
 .v4_bx         0x0000000100000000        0x0 linker stubs

.iplt           0x0000000100000000        0x0
 .iplt          0x0000000100000000        0x0 Output/Release/Obj/ble_multi_custom/thumb_crt0.o
                0x0000000000000001                . = ASSERT (((__text_start__ == __text_end__) || ((__text_end__ - __FLASH1_segment_start__) <= __FLASH1_segment_size__)), error: .text is too large to fit in FLASH1 memory segment)
                0x000000000002b94c                __sdh_soc_observers_load_start__ = ALIGN (__text_end__, 0x4)

.sdh_soc_observers
                0x000000000002b94c        0x8
                0x000000000002b94c                __sdh_soc_observers_start__ = .
                0x000000000002b94c                __start_sdh_soc_observers = __sdh_soc_observers_start__
 *(SORT_BY_NAME(.sdh_soc_observers*))
 .sdh_soc_observers0
                0x000000000002b94c        0x8 Output/Release/Obj/ble_multi_custom/nrf_drv_clock.o
                0x000000000002b954                __sdh_soc_observers_end__ = (__sdh_soc_observers_start__ + SIZEOF (.sdh_soc_observers))
                0x0000000000000008                __sdh_soc_observers_size__ = SIZEOF (.sdh_soc_observers)
                0x000000000002b954                __stop_sdh_soc_observers = __sdh_soc_observers_end__
                0x000000000002b954                __sdh_soc_observers_load_end__ = __sdh_soc_observers_end__
                0x0000000000000001                . = ASSERT (((__sdh_soc_observers_start__ == __sdh_soc_observers_end__) || ((__sdh_soc_observers_end__ - __FLASH1_segment_start__) <= __FLASH1_segment_size__)), error: .sdh_soc_observers is too large to fit in FLASH1 memory segment)
                0x000000000002b954                __sdh_ble_observers_load_start__ = ALIGN (__sdh_soc_observers_end__, 0x4)

.sdh_ble_observers
                0x000000000002b954       0x48
                0x000000000002b954                __sdh_ble_observers_start__ = .
                0x000000000002b954                __start_sdh_ble_observers = __sdh_ble_observers_start__
 *(SORT_BY_NAME(.sdh_ble_observers*))
 .sdh_ble_observers0
                0x000000000002b954        0x8 Output/Release/Obj/ble_multi_custom/ble_conn_state.o
 .sdh_ble_observers1
                0x000000000002b95c        0x8 Output/Release/Obj/ble_multi_custom/main.o
 .sdh_ble_observers1
                0x000000000002b964        0x8 Output/Release/Obj/ble_multi_custom/ble_conn_params.o
 .sdh_ble_observers2
                0x000000000002b96c       0x28 Output/Release/Obj/ble_multi_custom/main.o
 .sdh_ble_observers3
                0x000000000002b994        0x8 Output/Release/Obj/ble_multi_custom/main.o
                0x000000000002b99c                __sdh_ble_observers_end__ = (__sdh_ble_observers_start__ + SIZEOF (.sdh_ble_observers))
                0x0000000000000048                __sdh_ble_observers_size__ = SIZEOF (.sdh_ble_observers)
                0x000000000002b99c                __stop_sdh_ble_observers = __sdh_ble_observers_end__
                0x000000000002b99c                __sdh_ble_observers_load_end__ = __sdh_ble_observers_end__
                0x0000000000000001                . = ASSERT (((__sdh_ble_observers_start__ == __sdh_ble_observers_end__) || ((__sdh_ble_observers_end__ - __FLASH1_segment_start__) <= __FLASH1_segment_size__)), error: .sdh_ble_observers is too large to fit in FLASH1 memory segment)
                0x000000000002b99c                __pwr_mgmt_data_load_start__ = ALIGN (__sdh_ble_observers_end__, 0x4)

.pwr_mgmt_data  0x000000000002b99c        0x0
                0x000000000002b99c                __pwr_mgmt_data_start__ = .
                0x000000000002b99c                __start_pwr_mgmt_data = __pwr_mgmt_data_start__
 *(SORT_BY_NAME(.pwr_mgmt_data*))
                0x000000000002b99c                __pwr_mgmt_data_end__ = (__pwr_mgmt_data_start__ + SIZEOF (.pwr_mgmt_data))
                0x0000000000000000                __pwr_mgmt_data_size__ = SIZEOF (.pwr_mgmt_data)
                0x000000000002b99c                __stop_pwr_mgmt_data = __pwr_mgmt_data_end__
                0x000000000002b99c                __pwr_mgmt_data_load_end__ = __pwr_mgmt_data_end__
                0x0000000000000001                . = ASSERT (((__pwr_mgmt_data_start__ == __pwr_mgmt_data_end__) || ((__pwr_mgmt_data_end__ - __FLASH1_segment_start__) <= __FLASH1_segment_size__)), error: .pwr_mgmt_data is too large to fit in FLASH1 memory segment)
                0x000000000002b99c                __sdh_req_observers_load_start__ = ALIGN (__pwr_mgmt_data_end__, 0x4)

.sdh_req_observers
                0x000000000002b99c        0x0
                0x000000000002b99c                __sdh_req_observers_start__ = .
                0x000000000002b99c                __start_sdh_req_observers = __sdh_req_observers_start__
 *(SORT_BY_NAME(.sdh_req_observers*))
                0x000000000002b99c                __sdh_req_observers_end__ = (__sdh_req_observers_start__ + SIZEOF (.sdh_req_observers))
                0x0000000000000000                __sdh_req_observers_size__ = SIZEOF (.sdh_req_observers)
                0x000000000002b99c                __stop_sdh_req_observers = __sdh_req_observers_end__
                0x000000000002b99c                __sdh_req_observers_load_end__ = __sdh_req_observers_end__
                0x0000000000000001                . = ASSERT (((__sdh_req_observers_start__ == __sdh_req_observers_end__) || ((__sdh_req_observers_end__ - __FLASH1_segment_start__) <= __FLASH1_segment_size__)), error: .sdh_req_observers is too large to fit in FLASH1 memory segment)
                0x000000000002b99c                __sdh_state_observers_load_start__ = ALIGN (__sdh_req_observers_end__, 0x4)

.sdh_state_observers
                0x000000000002b99c        0x8
                0x000000000002b99c                __sdh_state_observers_start__ = .
                0x000000000002b99c                __start_sdh_state_observers = __sdh_state_observers_start__
 *(SORT_BY_NAME(.sdh_state_observers*))
 .sdh_state_observers0
                0x000000000002b99c        0x8 Output/Release/Obj/ble_multi_custom/nrf_drv_clock.o
                0x000000000002b9a4                __sdh_state_observers_end__ = (__sdh_state_observers_start__ + SIZEOF (.sdh_state_observers))
                0x0000000000000008                __sdh_state_observers_size__ = SIZEOF (.sdh_state_observers)
                0x000000000002b9a4                __stop_sdh_state_observers = __sdh_state_observers_end__
                0x000000000002b9a4                __sdh_state_observers_load_end__ = __sdh_state_observers_end__
                0x0000000000000001                . = ASSERT (((__sdh_state_observers_start__ == __sdh_state_observers_end__) || ((__sdh_state_observers_end__ - __FLASH1_segment_start__) <= __FLASH1_segment_size__)), error: .sdh_state_observers is too large to fit in FLASH1 memory segment)
                0x000000000002b9a4                __sdh_stack_observers_load_start__ = ALIGN (__sdh_state_observers_end__, 0x4)

.sdh_stack_observers
                0x000000000002b9a4       0x10
                0x000000000002b9a4                __sdh_stack_observers_start__ = .
                0x000000000002b9a4                __start_sdh_stack_observers = __sdh_stack_observers_start__
 *(SORT_BY_NAME(.sdh_stack_observers*))
 .sdh_stack_observers0
                0x000000000002b9a4        0x8 Output/Release/Obj/ble_multi_custom/nrf_sdh_ble.o
 .sdh_stack_observers0
                0x000000000002b9ac        0x8 Output/Release/Obj/ble_multi_custom/nrf_sdh_soc.o
                0x000000000002b9b4                __sdh_stack_observers_end__ = (__sdh_stack_observers_start__ + SIZEOF (.sdh_stack_observers))
                0x0000000000000010                __sdh_stack_observers_size__ = SIZEOF (.sdh_stack_observers)
                0x000000000002b9b4                __stop_sdh_stack_observers = __sdh_stack_observers_end__
                0x000000000002b9b4                __sdh_stack_observers_load_end__ = __sdh_stack_observers_end__
                0x0000000000000001                . = ASSERT (((__sdh_stack_observers_start__ == __sdh_stack_observers_end__) || ((__sdh_stack_observers_end__ - __FLASH1_segment_start__) <= __FLASH1_segment_size__)), error: .sdh_stack_observers is too large to fit in FLASH1 memory segment)
                0x000000000002b9b4                __nrf_queue_load_start__ = ALIGN (__sdh_stack_observers_end__, 0x4)

.nrf_queue      0x000000000002b9b4        0x0
                0x000000000002b9b4                __nrf_queue_start__ = .
                0x000000000002b9b4                __start_nrf_queue = __nrf_queue_start__
 *(.nrf_queue*)
                0x000000000002b9b4                __nrf_queue_end__ = (__nrf_queue_start__ + SIZEOF (.nrf_queue))
                0x0000000000000000                __nrf_queue_size__ = SIZEOF (.nrf_queue)
                0x000000000002b9b4                __stop_nrf_queue = __nrf_queue_end__
                0x000000000002b9b4                __nrf_queue_load_end__ = __nrf_queue_end__
                0x0000000000000001                . = ASSERT (((__nrf_queue_start__ == __nrf_queue_end__) || ((__nrf_queue_end__ - __FLASH1_segment_start__) <= __FLASH1_segment_size__)), error: .nrf_queue is too large to fit in FLASH1 memory segment)
                0x000000000002b9b4                __nrf_balloc_load_start__ = ALIGN (__nrf_queue_end__, 0x4)

.nrf_balloc     0x000000000002b9b4       0x14
                0x000000000002b9b4                __nrf_balloc_start__ = .
                0x000000000002b9b4                __start_nrf_balloc = __nrf_balloc_start__
 *(.nrf_balloc*)
 .nrf_balloc    0x000000000002b9b4       0x14 Output/Release/Obj/ble_multi_custom/nrf_log_frontend.o
                0x000000000002b9b4                log_mempool
                0x000000000002b9c8                __nrf_balloc_end__ = (__nrf_balloc_start__ + SIZEOF (.nrf_balloc))
                0x0000000000000014                __nrf_balloc_size__ = SIZEOF (.nrf_balloc)
                0x000000000002b9c8                __stop_nrf_balloc = __nrf_balloc_end__
                0x000000000002b9c8                __nrf_balloc_load_end__ = __nrf_balloc_end__
                0x0000000000000001                . = ASSERT (((__nrf_balloc_start__ == __nrf_balloc_end__) || ((__nrf_balloc_end__ - __FLASH1_segment_start__) <= __FLASH1_segment_size__)), error: .nrf_balloc is too large to fit in FLASH1 memory segment)
                0x000000000002b9c8                __cli_command_load_start__ = ALIGN (__nrf_balloc_end__, 0x4)

.cli_command    0x000000000002b9c8        0x0
                0x000000000002b9c8                __cli_command_start__ = .
                0x000000000002b9c8                __start_cli_command = __cli_command_start__
 *(.cli_command*)
                0x000000000002b9c8                __cli_command_end__ = (__cli_command_start__ + SIZEOF (.cli_command))
                0x0000000000000000                __cli_command_size__ = SIZEOF (.cli_command)
                0x000000000002b9c8                __stop_cli_command = __cli_command_end__
                0x000000000002b9c8                __cli_command_load_end__ = __cli_command_end__
                0x0000000000000001                . = ASSERT (((__cli_command_start__ == __cli_command_end__) || ((__cli_command_end__ - __FLASH1_segment_start__) <= __FLASH1_segment_size__)), error: .cli_command is too large to fit in FLASH1 memory segment)
                0x000000000002b9c8                __crypto_data_load_start__ = ALIGN (__cli_command_end__, 0x4)

.crypto_data    0x000000000002b9c8        0x0
                0x000000000002b9c8                __crypto_data_start__ = .
                0x000000000002b9c8                __start_crypto_data = __crypto_data_start__
 *(SORT_BY_NAME(.crypto_data*))
                0x000000000002b9c8                __crypto_data_end__ = (__crypto_data_start__ + SIZEOF (.crypto_data))
                0x0000000000000000                __crypto_data_size__ = SIZEOF (.crypto_data)
                0x000000000002b9c8                __stop_crypto_data = __crypto_data_end__
                0x000000000002b9c8                __crypto_data_load_end__ = __crypto_data_end__
                0x0000000000000001                . = ASSERT (((__crypto_data_start__ == __crypto_data_end__) || ((__crypto_data_end__ - __FLASH1_segment_start__) <= __FLASH1_segment_size__)), error: .crypto_data is too large to fit in FLASH1 memory segment)
                0x000000000002b9c8                __log_const_data_load_start__ = ALIGN (__crypto_data_end__, 0x4)

.log_const_data
                0x000000000002b9c8       0x88
                0x000000000002b9c8                __log_const_data_start__ = .
                0x000000000002b9c8                __start_log_const_data = __log_const_data_start__
 *(SORT_BY_NAME(.log_const_data*))
 .log_const_data_AMTC
                0x000000000002b9c8        0x8 Output/Release/Obj/ble_multi_custom/amtc.o
                0x000000000002b9c8                m_nrf_log_AMTC_logs_data_const
 .log_const_data_CLOCK
                0x000000000002b9d0        0x8 Output/Release/Obj/ble_multi_custom/nrfx_clock.o
                0x000000000002b9d0                m_nrf_log_CLOCK_logs_data_const
 .log_const_data_GPIOTE
                0x000000000002b9d8        0x8 Output/Release/Obj/ble_multi_custom/nrfx_gpiote.o
                0x000000000002b9d8                m_nrf_log_GPIOTE_logs_data_const
 .log_const_data_PRS
                0x000000000002b9e0        0x8 Output/Release/Obj/ble_multi_custom/nrfx_prs.o
                0x000000000002b9e0                m_nrf_log_PRS_logs_data_const
 .log_const_data_RTC
                0x000000000002b9e8        0x8 Output/Release/Obj/ble_multi_custom/nrfx_rtc.o
                0x000000000002b9e8                m_nrf_log_RTC_logs_data_const
 .log_const_data_UART
                0x000000000002b9f0        0x8 Output/Release/Obj/ble_multi_custom/nrfx_uart.o
                0x000000000002b9f0                m_nrf_log_UART_logs_data_const
 .log_const_data_UARTE
                0x000000000002b9f8        0x8 Output/Release/Obj/ble_multi_custom/nrfx_uarte.o
                0x000000000002b9f8                m_nrf_log_UARTE_logs_data_const
 .log_const_data_app
                0x000000000002ba00        0x8 Output/Release/Obj/ble_multi_custom/nrf_log_frontend.o
                0x000000000002ba00                m_nrf_log_app_logs_data_const
 .log_const_data_app_button
                0x000000000002ba08        0x8 Output/Release/Obj/ble_multi_custom/app_button.o
                0x000000000002ba08                m_nrf_log_app_button_logs_data_const
 .log_const_data_app_timer
                0x000000000002ba10        0x8 Output/Release/Obj/ble_multi_custom/app_timer2.o
                0x000000000002ba10                m_nrf_log_app_timer_logs_data_const
 .log_const_data_clock
                0x000000000002ba18        0x8 Output/Release/Obj/ble_multi_custom/nrf_drv_clock.o
                0x000000000002ba18                m_nrf_log_clock_logs_data_const
 .log_const_data_nrf_ble_gatt
                0x000000000002ba20        0x8 Output/Release/Obj/ble_multi_custom/nrf_ble_gatt.o
                0x000000000002ba20                m_nrf_log_nrf_ble_gatt_logs_data_const
 .log_const_data_nrf_sdh
                0x000000000002ba28        0x8 Output/Release/Obj/ble_multi_custom/nrf_sdh.o
                0x000000000002ba28                m_nrf_log_nrf_sdh_logs_data_const
 .log_const_data_nrf_sdh_ble
                0x000000000002ba30        0x8 Output/Release/Obj/ble_multi_custom/nrf_sdh_ble.o
                0x000000000002ba30                m_nrf_log_nrf_sdh_ble_logs_data_const
 .log_const_data_nrf_sdh_soc
                0x000000000002ba38        0x8 Output/Release/Obj/ble_multi_custom/nrf_sdh_soc.o
                0x000000000002ba38                m_nrf_log_nrf_sdh_soc_logs_data_const
 .log_const_data_pwr_mgmt
                0x000000000002ba40        0x8 Output/Release/Obj/ble_multi_custom/nrf_pwr_mgmt.o
                0x000000000002ba40                m_nrf_log_pwr_mgmt_logs_data_const
 .log_const_data_sortlist
                0x000000000002ba48        0x8 Output/Release/Obj/ble_multi_custom/nrf_sortlist.o
                0x000000000002ba48                m_nrf_log_sortlist_logs_data_const
                0x000000000002ba50                __log_const_data_end__ = (__log_const_data_start__ + SIZEOF (.log_const_data))
                0x0000000000000088                __log_const_data_size__ = SIZEOF (.log_const_data)
                0x000000000002ba50                __stop_log_const_data = __log_const_data_end__
                0x000000000002ba50                __log_const_data_load_end__ = __log_const_data_end__
                0x0000000000000001                . = ASSERT (((__log_const_data_start__ == __log_const_data_end__) || ((__log_const_data_end__ - __FLASH1_segment_start__) <= __FLASH1_segment_size__)), error: .log_const_data is too large to fit in FLASH1 memory segment)
                0x000000000002ba50                __log_backends_load_start__ = ALIGN (__log_const_data_end__, 0x4)

.log_backends   0x000000000002ba50       0x10
                0x000000000002ba50                __log_backends_start__ = .
                0x000000000002ba50                __start_log_backends = __log_backends_start__
 *(SORT_BY_NAME(.log_backends*))
 .log_backends  0x000000000002ba50       0x10 Output/Release/Obj/ble_multi_custom/nrf_log_default_backends.o
                0x000000000002ba60                __log_backends_end__ = (__log_backends_start__ + SIZEOF (.log_backends))
                0x0000000000000010                __log_backends_size__ = SIZEOF (.log_backends)
                0x000000000002ba60                __stop_log_backends = __log_backends_end__
                0x000000000002ba60                __log_backends_load_end__ = __log_backends_end__
                0x0000000000000001                . = ASSERT (((__log_backends_start__ == __log_backends_end__) || ((__log_backends_end__ - __FLASH1_segment_start__) <= __FLASH1_segment_size__)), error: .log_backends is too large to fit in FLASH1 memory segment)
                0x000000000002ba60                __nrf_sections_load_start__ = ALIGN (__log_backends_end__, 0x4)

.nrf_sections   0x000000000002ba60        0x0
                0x000000000002ba60                __nrf_sections_start__ = .
                0x000000000002ba60                __start_nrf_sections = __nrf_sections_start__
 *(.nrf_sections .nrf_sections.*)
                0x000000000002ba60                __nrf_sections_end__ = (__nrf_sections_start__ + SIZEOF (.nrf_sections))
                0x0000000000000000                __nrf_sections_size__ = SIZEOF (.nrf_sections)
                0x000000000002ba60                __nrf_sections_load_end__ = __nrf_sections_end__
                0x0000000000000001                . = ASSERT (((__nrf_sections_start__ == __nrf_sections_end__) || ((__nrf_sections_end__ - __FLASH1_segment_start__) <= __FLASH1_segment_size__)), error: .nrf_sections is too large to fit in FLASH1 memory segment)
                0x000000000002ba60                __cli_sorted_cmd_ptrs_load_start__ = ALIGN (__nrf_sections_end__, 0x4)

.cli_sorted_cmd_ptrs
                0x00000000200037d0        0x0 load address 0x000000000002ba60
                0x00000000200037d0                __cli_sorted_cmd_ptrs_start__ = .
 *(.cli_sorted_cmd_ptrs*)
                0x00000000200037d0                __cli_sorted_cmd_ptrs_end__ = (__cli_sorted_cmd_ptrs_start__ + SIZEOF (.cli_sorted_cmd_ptrs))
                0x0000000000000000                __cli_sorted_cmd_ptrs_size__ = SIZEOF (.cli_sorted_cmd_ptrs)
                0x000000000002ba60                __cli_sorted_cmd_ptrs_load_end__ = (__cli_sorted_cmd_ptrs_load_start__ + SIZEOF (.cli_sorted_cmd_ptrs))
                0x0000000000000001                . = ASSERT (((__cli_sorted_cmd_ptrs_load_start__ == __cli_sorted_cmd_ptrs_load_end__) || ((__cli_sorted_cmd_ptrs_load_end__ - __FLASH1_segment_start__) <= __FLASH1_segment_size__)), error: .cli_sorted_cmd_ptrs is too large to fit in FLASH1 memory segment)

.cli_sorted_cmd_ptrs_run
                0x00000000200037d0        0x0
                0x00000000200037d0                __cli_sorted_cmd_ptrs_run_start__ = .
                0x00000000200037d0                __start_cli_sorted_cmd_ptrs = __cli_sorted_cmd_ptrs_run_start__
                0x00000000200037d0                __cli_sorted_cmd_ptrs_run_end__ = (__cli_sorted_cmd_ptrs_run_start__ + SIZEOF (.cli_sorted_cmd_ptrs))
                0x0000000000000000                __cli_sorted_cmd_ptrs_run_size__ = (__cli_sorted_cmd_ptrs_run_end__ - __cli_sorted_cmd_ptrs_run_start__)
                0x00000000200037d0                __stop_cli_sorted_cmd_ptrs = __cli_sorted_cmd_ptrs_run_end__
                0x00000000200037d0                __cli_sorted_cmd_ptrs_run_load_end__ = __cli_sorted_cmd_ptrs_run_end__
                0x0000000000000001                . = ASSERT (((__cli_sorted_cmd_ptrs_run_start__ == __cli_sorted_cmd_ptrs_run_end__) || ((__cli_sorted_cmd_ptrs_run_end__ - __RAM1_segment_start__) <= __RAM1_segment_size__)), error: .cli_sorted_cmd_ptrs_run is too large to fit in RAM1 memory segment)
                0x000000000002ba60                __fs_data_load_start__ = ALIGN ((__cli_sorted_cmd_ptrs_load_start__ + SIZEOF (.cli_sorted_cmd_ptrs)), 0x4)

.fs_data        0x00000000200037d0        0x0 load address 0x000000000002ba60
                0x00000000200037d0                __fs_data_start__ = .
 *(.fs_data*)
                0x00000000200037d0                __fs_data_end__ = (__fs_data_start__ + SIZEOF (.fs_data))
                0x0000000000000000                __fs_data_size__ = SIZEOF (.fs_data)
                0x000000000002ba60                __fs_data_load_end__ = (__fs_data_load_start__ + SIZEOF (.fs_data))
                0x0000000000000001                . = ASSERT (((__fs_data_load_start__ == __fs_data_load_end__) || ((__fs_data_load_end__ - __FLASH1_segment_start__) <= __FLASH1_segment_size__)), error: .fs_data is too large to fit in FLASH1 memory segment)

.fs_data_run    0x00000000200037d0        0x0
                0x00000000200037d0                __fs_data_run_start__ = .
                0x00000000200037d0                __start_fs_data = __fs_data_run_start__
                0x00000000200037d0                __fs_data_run_end__ = (__fs_data_run_start__ + SIZEOF (.fs_data))
                0x0000000000000000                __fs_data_run_size__ = (__fs_data_run_end__ - __fs_data_run_start__)
                0x00000000200037d0                __stop_fs_data = __fs_data_run_end__
                0x00000000200037d0                __fs_data_run_load_end__ = __fs_data_run_end__
                0x0000000000000001                . = ASSERT (((__fs_data_run_start__ == __fs_data_run_end__) || ((__fs_data_run_end__ - __RAM1_segment_start__) <= __RAM1_segment_size__)), error: .fs_data_run is too large to fit in RAM1 memory segment)
                0x000000000002ba60                __log_dynamic_data_load_start__ = ALIGN ((__fs_data_load_start__ + SIZEOF (.fs_data)), 0x4)

.log_dynamic_data
                0x00000000200037d0        0x0 load address 0x000000000002ba60
                0x00000000200037d0                __log_dynamic_data_start__ = .
 *(SORT_BY_NAME(.log_dynamic_data*))
                0x00000000200037d0                __log_dynamic_data_end__ = (__log_dynamic_data_start__ + SIZEOF (.log_dynamic_data))
                0x0000000000000000                __log_dynamic_data_size__ = SIZEOF (.log_dynamic_data)
                0x000000000002ba60                __log_dynamic_data_load_end__ = (__log_dynamic_data_load_start__ + SIZEOF (.log_dynamic_data))
                0x0000000000000001                . = ASSERT (((__log_dynamic_data_load_start__ == __log_dynamic_data_load_end__) || ((__log_dynamic_data_load_end__ - __FLASH1_segment_start__) <= __FLASH1_segment_size__)), error: .log_dynamic_data is too large to fit in FLASH1 memory segment)

.log_dynamic_data_run
                0x00000000200037d0        0x0
                0x00000000200037d0                __log_dynamic_data_run_start__ = .
                0x00000000200037d0                __start_log_dynamic_data = __log_dynamic_data_run_start__
                0x00000000200037d0                __log_dynamic_data_run_end__ = (__log_dynamic_data_run_start__ + SIZEOF (.log_dynamic_data))
                0x0000000000000000                __log_dynamic_data_run_size__ = (__log_dynamic_data_run_end__ - __log_dynamic_data_run_start__)
                0x00000000200037d0                __stop_log_dynamic_data = __log_dynamic_data_run_end__
                0x00000000200037d0                __log_dynamic_data_run_load_end__ = __log_dynamic_data_run_end__
                0x0000000000000001                . = ASSERT (((__log_dynamic_data_run_start__ == __log_dynamic_data_run_end__) || ((__log_dynamic_data_run_end__ - __RAM1_segment_start__) <= __RAM1_segment_size__)), error: .log_dynamic_data_run is too large to fit in RAM1 memory segment)
                0x000000000002ba60                __log_filter_data_load_start__ = ALIGN ((__log_dynamic_data_load_start__ + SIZEOF (.log_dynamic_data)), 0x4)

.log_filter_data
                0x00000000200037d0        0x0 load address 0x000000000002ba60
                0x00000000200037d0                __log_filter_data_start__ = .
 *(SORT_BY_NAME(.log_filter_data*))
                0x00000000200037d0                __log_filter_data_end__ = (__log_filter_data_start__ + SIZEOF (.log_filter_data))
                0x0000000000000000                __log_filter_data_size__ = SIZEOF (.log_filter_data)
                0x000000000002ba60                __log_filter_data_load_end__ = (__log_filter_data_load_start__ + SIZEOF (.log_filter_data))
                0x0000000000000001                . = ASSERT (((__log_filter_data_load_start__ == __log_filter_data_load_end__) || ((__log_filter_data_load_end__ - __FLASH1_segment_start__) <= __FLASH1_segment_size__)), error: .log_filter_data is too large to fit in FLASH1 memory segment)

.log_filter_data_run
                0x00000000200037d0        0x0
                0x00000000200037d0                __log_filter_data_run_start__ = .
                0x00000000200037d0                __start_log_filter_data = __log_filter_data_run_start__
                0x00000000200037d0                __log_filter_data_run_end__ = (__log_filter_data_run_start__ + SIZEOF (.log_filter_data))
                0x0000000000000000                __log_filter_data_run_size__ = (__log_filter_data_run_end__ - __log_filter_data_run_start__)
                0x00000000200037d0                __stop_log_filter_data = __log_filter_data_run_end__
                0x00000000200037d0                __log_filter_data_run_load_end__ = __log_filter_data_run_end__
                0x0000000000000001                . = ASSERT (((__log_filter_data_run_start__ == __log_filter_data_run_end__) || ((__log_filter_data_run_end__ - __RAM1_segment_start__) <= __RAM1_segment_size__)), error: .log_filter_data_run is too large to fit in RAM1 memory segment)
                0x00000000200037d0                __nrf_sections_run_end_load_start__ = ALIGN (__log_filter_data_run_end__, 0x4)

.nrf_sections_run_end
                0x00000000200037d0        0x0
                0x00000000200037d0                __nrf_sections_run_end_start__ = .
                0x00000000200037d0                __end_nrf_sections_run = __nrf_sections_run_end_start__
 *(.nrf_sections_run_end .nrf_sections_run_end.*)
                0x00000000200037d0                __nrf_sections_run_end_end__ = (__nrf_sections_run_end_start__ + SIZEOF (.nrf_sections_run_end))
                0x0000000000000000                __nrf_sections_run_end_size__ = SIZEOF (.nrf_sections_run_end)
                0x00000000200037d0                __nrf_sections_run_end_load_end__ = __nrf_sections_run_end_end__
                0x0000000000000001                . = ASSERT (((__nrf_sections_run_end_start__ == __nrf_sections_run_end_end__) || ((__nrf_sections_run_end_end__ - __RAM1_segment_start__) <= __RAM1_segment_size__)), error: .nrf_sections_run_end is too large to fit in RAM1 memory segment)
                0x000000000002ba60                __dtors_load_start__ = ALIGN ((__log_filter_data_load_start__ + SIZEOF (.log_filter_data)), 0x4)

.dtors          0x000000000002ba60        0x0
                0x000000000002ba60                __dtors_start__ = .
 *(SORT_BY_NAME(.dtors.*))
 *(.dtors)
 *(.fini_array)
 *(SORT_BY_NAME(.fini_array.*))
                0x000000000002ba60                __dtors_end__ = (__dtors_start__ + SIZEOF (.dtors))
                0x0000000000000000                __dtors_size__ = SIZEOF (.dtors)
                0x000000000002ba60                __dtors_load_end__ = __dtors_end__
                0x0000000000000001                . = ASSERT (((__dtors_start__ == __dtors_end__) || ((__dtors_end__ - __FLASH1_segment_start__) <= __FLASH1_segment_size__)), error: .dtors is too large to fit in FLASH1 memory segment)
                0x000000000002ba60                __ctors_load_start__ = ALIGN (__dtors_end__, 0x4)

.ctors          0x000000000002ba60        0x0
                0x000000000002ba60                __ctors_start__ = .
 *(SORT_BY_NAME(.ctors.*))
 *(.ctors)
 *(.init_array)
 *(SORT_BY_NAME(.init_array.*))
                0x000000000002ba60                __ctors_end__ = (__ctors_start__ + SIZEOF (.ctors))
                0x0000000000000000                __ctors_size__ = SIZEOF (.ctors)
                0x000000000002ba60                __ctors_load_end__ = __ctors_end__
                0x0000000000000001                . = ASSERT (((__ctors_start__ == __ctors_end__) || ((__ctors_end__ - __FLASH1_segment_start__) <= __FLASH1_segment_size__)), error: .ctors is too large to fit in FLASH1 memory segment)
                0x000000000002ba60                __rodata_load_start__ = ALIGN (__ctors_end__, 0x4)

.rodata         0x000000000002ba60      0xdec
                0x000000000002ba60                __rodata_start__ = .
 *(.rodata .rodata.* .gnu.linkonce.r.*)
 .rodata        0x000000000002ba60       0x20 Output/Release/Obj/ble_multi_custom/nrf_log_backend_uart.o
 .rodata.nrf_log_backend_uart_api
                0x000000000002ba80        0xc Output/Release/Obj/ble_multi_custom/nrf_log_backend_uart.o
                0x000000000002ba80                nrf_log_backend_uart_api
 .rodata.str1.1
                0x000000000002ba8c       0x11 Output/Release/Obj/ble_multi_custom/nrf_log_default_backends.o
 .rodata.nrf_log_frontend_dequeue.str1.1
                0x000000000002ba9d       0x11 Output/Release/Obj/ble_multi_custom/nrf_log_frontend.o
 .rodata.str1.1
                0x000000000002baae        0x4 Output/Release/Obj/ble_multi_custom/nrf_log_frontend.o
 *fill*         0x000000000002bab2        0x2 
 .rodata.m_log_push_ringbuf
                0x000000000002bab4        0xc Output/Release/Obj/ble_multi_custom/nrf_log_frontend.o
 .rodata.prefix_process.str1.1
                0x000000000002bac0       0x32 Output/Release/Obj/ble_multi_custom/nrf_log_str_formatter.o
 .rodata.postfix_process.str1.1
                0x000000000002baf2       0x32 Output/Release/Obj/ble_multi_custom/nrf_log_str_formatter.o
                                          0x3 (size before relaxing)
 .rodata.nrf_log_hexdump_entry_process.str1.1
                0x000000000002baf2        0xf Output/Release/Obj/ble_multi_custom/nrf_log_str_formatter.o
                                         0x11 (size before relaxing)
 .rodata.str1.1
                0x000000000002bb01       0x51 Output/Release/Obj/ble_multi_custom/nrf_log_str_formatter.o
 *fill*         0x000000000002bb52        0x2 
 .rodata.m_colors
                0x000000000002bb54       0x24 Output/Release/Obj/ble_multi_custom/nrf_log_str_formatter.o
 .rodata.severity_names
                0x000000000002bb78       0x14 Output/Release/Obj/ble_multi_custom/nrf_log_str_formatter.o
 .rodata.str1.1
                0x000000000002bb8c        0xb Output/Release/Obj/ble_multi_custom/app_button.o
 .rodata.str1.1
                0x000000000002bb97        0xa Output/Release/Obj/ble_multi_custom/app_timer2.o
 *fill*         0x000000000002bba1        0x1 
 .rodata        0x000000000002bba2        0x4 Output/Release/Obj/ble_multi_custom/app_timer2.o
 *fill*         0x000000000002bba6        0x2 
 .rodata.m_app_timer_sortlist
                0x000000000002bba8        0xc Output/Release/Obj/ble_multi_custom/app_timer2.o
 .rodata.drv_rtc_init.str1.1
                0x000000000002bbb4       0x34 Output/Release/Obj/ble_multi_custom/drv_rtc.o
 *fill*         0x000000000002bbe8        0x8 
 .rodata.delay_machine_code.0
                0x000000000002bbf0        0x6 Output/Release/Obj/ble_multi_custom/drv_rtc.o
 .rodata._aV2C.0
                0x000000000002bbf6       0x10 Output/Release/Obj/ble_multi_custom/nrf_fprintf_format.o
 .rodata.str1.1
                0x000000000002bc06        0x9 Output/Release/Obj/ble_multi_custom/nrf_pwr_mgmt.o
 *fill*         0x000000000002bc0f        0x1 
 .rodata.pwr_mgmt_data
                0x000000000002bc10        0xc Output/Release/Obj/ble_multi_custom/nrf_pwr_mgmt.o
 .rodata.str1.1
                0x000000000002bc1c        0x9 Output/Release/Obj/ble_multi_custom/nrf_sortlist.o
 .rodata.str1.1
                0x000000000002bc25      0x3ba Output/Release/Obj/ble_multi_custom/nrf_strerror.o
 .rodata.m_unknown_str
                0x000000000002bfdf       0x13 Output/Release/Obj/ble_multi_custom/nrf_strerror.o
 *fill*         0x000000000002bff2        0x2 
 .rodata.nrf_strerror_array
                0x000000000002bff4      0x128 Output/Release/Obj/ble_multi_custom/nrf_strerror.o
 .rodata.CSWTCH.15
                0x000000000002c11c        0x6 Output/Release/Obj/ble_multi_custom/system_nrf52840.o
 .rodata.CSWTCH.6
                0x000000000002c122        0x6 Output/Release/Obj/ble_multi_custom/system_nrf52840.o
 .rodata.m_board_led_list
                0x000000000002c128        0x4 Output/Release/Obj/ble_multi_custom/boards.o
 .rodata.str1.1
                0x000000000002c12c        0x6 Output/Release/Obj/ble_multi_custom/nrf_drv_clock.o
 .rodata.str1.1
                0x000000000002c132        0x6 Output/Release/Obj/ble_multi_custom/nrfx_clock.o
 .rodata.str1.1
                0x000000000002c138        0x7 Output/Release/Obj/ble_multi_custom/nrfx_gpiote.o
 .rodata.str1.1
                0x000000000002c13f        0x4 Output/Release/Obj/ble_multi_custom/nrfx_prs.o
 .rodata.str1.1
                0x000000000002c143        0x5 Output/Release/Obj/ble_multi_custom/nrfx_uart.o
 .rodata.str1.1
                0x000000000002c148        0x6 Output/Release/Obj/ble_multi_custom/nrfx_uarte.o
 .rodata.str1.1
                0x000000000002c14e        0x4 Output/Release/Obj/ble_multi_custom/nrfx_rtc.o
 .rodata.str1.1
                0x000000000002c152        0x5 Output/Release/Obj/ble_multi_custom/amtc.o
 .rodata.ble_evt_handler.str1.1
                0x000000000002c157       0x5b Output/Release/Obj/ble_multi_custom/main.o
 .rodata.led_write_handler.str1.1
                0x000000000002c1b2       0x41 Output/Release/Obj/ble_multi_custom/main.o
 .rodata.main.str1.1
                0x000000000002c1f3       0x2f Output/Release/Obj/ble_multi_custom/main.o
 .rodata.data_length_update.str1.1
                0x000000000002c222       0xdf Output/Release/Obj/ble_multi_custom/nrf_ble_gatt.o
 .rodata.nrf_ble_gatt_on_ble_evt.str1.1
                0x000000000002c301       0x60 Output/Release/Obj/ble_multi_custom/nrf_ble_gatt.o
 .rodata.str1.1
                0x000000000002c361        0xd Output/Release/Obj/ble_multi_custom/nrf_ble_gatt.o
 .rodata        0x000000000002c36e       0x10 Output/Release/Obj/ble_multi_custom/ble_lbs.o
 .rodata.str1.1
                0x000000000002c37e        0x8 Output/Release/Obj/ble_multi_custom/nrf_sdh.o
 .rodata        0x000000000002c386        0x4 Output/Release/Obj/ble_multi_custom/nrf_sdh.o
 *fill*         0x000000000002c38a        0x2 
 .rodata.sdh_req_observers
                0x000000000002c38c        0xc Output/Release/Obj/ble_multi_custom/nrf_sdh.o
 .rodata.sdh_stack_observers
                0x000000000002c398        0xc Output/Release/Obj/ble_multi_custom/nrf_sdh.o
 .rodata.sdh_state_observers
                0x000000000002c3a4        0xc Output/Release/Obj/ble_multi_custom/nrf_sdh.o
 .rodata.nrf_sdh_ble_default_cfg_set.str1.1
                0x000000000002c3b0      0x182 Output/Release/Obj/ble_multi_custom/nrf_sdh_ble.o
 .rodata.nrf_sdh_ble_enable.str1.1
                0x000000000002c532       0xa7 Output/Release/Obj/ble_multi_custom/nrf_sdh_ble.o
 .rodata.str1.1
                0x000000000002c5d9        0xc Output/Release/Obj/ble_multi_custom/nrf_sdh_ble.o
 *fill*         0x000000000002c5e5        0x3 
 .rodata.sdh_ble_observers
                0x000000000002c5e8        0xc Output/Release/Obj/ble_multi_custom/nrf_sdh_ble.o
 .rodata.str1.1
                0x000000000002c5f4        0xc Output/Release/Obj/ble_multi_custom/nrf_sdh_soc.o
 .rodata.sdh_soc_observers
                0x000000000002c600        0xc Output/Release/Obj/ble_multi_custom/nrf_sdh_soc.o
 .rodata.libc.__RAL_find_locale.str1.4
                0x000000000002c60c        0xa C:/Program Files/Segger/arm_segger_embedded_studio_v560_win_x64_nordic/lib/libc_v7em_fpv4_sp_d16_hard_t_le_eabi.a(libc2.o)
 *fill*         0x000000000002c616        0x2 
 .rodata.libc.__RAL_ascii_ctype_map
                0x000000000002c618       0x80 C:/Program Files/Segger/arm_segger_embedded_studio_v560_win_x64_nordic/lib/libc_v7em_fpv4_sp_d16_hard_t_le_eabi.a(libc2.o)
                0x000000000002c618                __RAL_ascii_ctype_map
 .rodata.libc.__RAL_ascii_ctype_mask
                0x000000000002c698        0xd C:/Program Files/Segger/arm_segger_embedded_studio_v560_win_x64_nordic/lib/libc_v7em_fpv4_sp_d16_hard_t_le_eabi.a(libc2.o)
 *fill*         0x000000000002c6a5        0x3 
 .rodata.libc.__RAL_c_locale
                0x000000000002c6a8        0xc C:/Program Files/Segger/arm_segger_embedded_studio_v560_win_x64_nordic/lib/libc_v7em_fpv4_sp_d16_hard_t_le_eabi.a(libc2.o)
                0x000000000002c6a8                __RAL_c_locale
 .rodata.libc.__RAL_c_locale_abbrev_day_names
                0x000000000002c6b4       0x1d C:/Program Files/Segger/arm_segger_embedded_studio_v560_win_x64_nordic/lib/libc_v7em_fpv4_sp_d16_hard_t_le_eabi.a(libc2.o)
                0x000000000002c6b4                __RAL_c_locale_abbrev_day_names
 *fill*         0x000000000002c6d1        0x3 
 .rodata.libc.__RAL_c_locale_abbrev_month_names
                0x000000000002c6d4       0x31 C:/Program Files/Segger/arm_segger_embedded_studio_v560_win_x64_nordic/lib/libc_v7em_fpv4_sp_d16_hard_t_le_eabi.a(libc2.o)
                0x000000000002c6d4                __RAL_c_locale_abbrev_month_names
 *fill*         0x000000000002c705        0x3 
 .rodata.libc.__RAL_c_locale_am_pm_indicator
                0x000000000002c708        0x7 C:/Program Files/Segger/arm_segger_embedded_studio_v560_win_x64_nordic/lib/libc_v7em_fpv4_sp_d16_hard_t_le_eabi.a(libc2.o)
                0x000000000002c708                __RAL_c_locale_am_pm_indicator
 *fill*         0x000000000002c70f        0x1 
 .rodata.libc.__RAL_c_locale_data
                0x000000000002c710       0x58 C:/Program Files/Segger/arm_segger_embedded_studio_v560_win_x64_nordic/lib/libc_v7em_fpv4_sp_d16_hard_t_le_eabi.a(libc2.o)
                0x000000000002c710                __RAL_c_locale_data
 .rodata.libc.__RAL_c_locale_date_format
                0x000000000002c768        0x9 C:/Program Files/Segger/arm_segger_embedded_studio_v560_win_x64_nordic/lib/libc_v7em_fpv4_sp_d16_hard_t_le_eabi.a(libc2.o)
                0x000000000002c768                __RAL_c_locale_date_format
 *fill*         0x000000000002c771        0x3 
 .rodata.libc.__RAL_c_locale_date_time_format
                0x000000000002c774        0xf C:/Program Files/Segger/arm_segger_embedded_studio_v560_win_x64_nordic/lib/libc_v7em_fpv4_sp_d16_hard_t_le_eabi.a(libc2.o)
                0x000000000002c774                __RAL_c_locale_date_time_format
 *fill*         0x000000000002c783        0x1 
 .rodata.libc.__RAL_c_locale_day_names
                0x000000000002c784       0x3a C:/Program Files/Segger/arm_segger_embedded_studio_v560_win_x64_nordic/lib/libc_v7em_fpv4_sp_d16_hard_t_le_eabi.a(libc2.o)
                0x000000000002c784                __RAL_c_locale_day_names
 *fill*         0x000000000002c7be        0x2 
 .rodata.libc.__RAL_c_locale_month_names
                0x000000000002c7c0       0x57 C:/Program Files/Segger/arm_segger_embedded_studio_v560_win_x64_nordic/lib/libc_v7em_fpv4_sp_d16_hard_t_le_eabi.a(libc2.o)